2024-10-27 00:37:48,117 - INFO - Starting MCTS for Problem ID: 1
2024-10-27 00:37:48,117 - INFO - Initial Conditions: {'HasSymptoms'}
2024-10-27 00:37:48,117 - INFO - Goal Conclusions: {'DiagnosedWithFlu'}
2024-10-27 00:37:48,117 - INFO - MCTS Iteration 1/10
2024-10-27 00:37:48,117 - INFO - Selected node with state: Conditions: HasSymptoms; Conclusions: 
2024-10-27 00:37:52,641 - INFO - HTTP Request: POST https://www.apigptopen.xyz/v1/chat/completions "HTTP/1.1 200 OK"
2024-10-27 00:37:52,645 - INFO - API Call #1
2024-10-27 00:37:52,645 - INFO - Prompt: 
Based on the current state and goal, please generate the next possible tools to apply. The response must be in the following JSON format:

{
    "current_conditions": ["HasSymptoms"],
    "current_conclusions": [],
    "goal_conclusions": ["DiagnosedWithFlu"],
    "next_possible_tools": ["Tool1", "Tool2", ...]
}

Use the following tool descriptions to determine applicable tools:

Tool Name: Medical Diagnosis Tool
Conditions: HasSymptoms
Conclusions: PossibleDiseases
Description: A tool for diagnosing diseases based on symptoms.

Tool Name: Flu Test Tool
Conditions: PossibleDiseases
Conclusions: DiagnosedWithFlu
Description: A tool for testing the presence of flu virus.

Tool Name: Data Preprocessing Tool
Conditions: DataSetAvailable
Conclusions: CleanData
Description: A tool for cleaning and preprocessing datasets.

Tool Name: Model Training Tool
Conditions: CleanData
Conclusions: ModelTrained
Description: A tool for training machine learning models.

Tool Name: Question Understanding Tool
Conditions: UserQuestion
Conclusions: QuestionAnalyzed
Description: A tool for analyzing user questions.

Tool Name: Information Retrieval Tool
Conditions: QuestionAnalyzed
Conclusions: RelevantInformation
Description: A tool for retrieving information from a knowledge base.

Tool Name: Answer Generation Tool
Conditions: RelevantInformation
Conclusions: AnswerProvided
Description: A tool for generating answers.


2024-10-27 00:37:52,645 - INFO - Completion: Based on the current state of having symptoms and the end goal of a flu diagnosis, the "Medical Diagnosis Tool" should be applied first as it requires symptoms and can conclude with possible diseases. Once the possible diseases are established, the "Flu Test Tool" should be used as it requires possible diseases and can conclude with a flu diagnosis. Here is the response in the JSON format:

{
    "current_conditions": ["HasSymptoms"],
    "current_conclusions": [],
    "goal_conclusions": ["DiagnosedWithFlu"],
    "next_possible_tools": ["Medical Diagnosis Tool", "Flu Test Tool"]
}
2024-10-27 00:37:52,645 - INFO - Prompt Tokens: 326
2024-10-27 00:37:52,645 - INFO - Completion Tokens: 127
2024-10-27 00:37:52,645 - INFO - Total Tokens: 453
2024-10-27 00:37:52,645 - INFO - Next possible tools: ['Medical Diagnosis Tool', 'Flu Test Tool']
2024-10-27 00:37:52,645 - INFO - Tool 'Medical Diagnosis Tool' applied successfully. Updated state: Conditions: HasSymptoms, PossibleDiseases; Conclusions: PossibleDiseases.
2024-10-27 00:37:52,645 - INFO - Expanded node with tool 'Medical Diagnosis Tool'. New state: Conditions: HasSymptoms, PossibleDiseases; Conclusions: PossibleDiseases
2024-10-27 00:37:52,645 - INFO - Tool 'Flu Test Tool' conditions are not met and cannot be applied.
2024-10-27 00:37:52,645 - INFO - Simulating node with state: Conditions: HasSymptoms, PossibleDiseases; Conclusions: PossibleDiseases
2024-10-27 00:37:55,858 - INFO - HTTP Request: POST https://www.apigptopen.xyz/v1/chat/completions "HTTP/1.1 200 OK"
2024-10-27 00:37:55,860 - INFO - API Call #2
2024-10-27 00:37:55,861 - INFO - Prompt: 
Based on the current state and goal, please generate the next possible tools to apply. The response must be in the following JSON format:

{
    "current_conditions": ["HasSymptoms", "PossibleDiseases"],
    "current_conclusions": ["PossibleDiseases"],
    "goal_conclusions": ["DiagnosedWithFlu"],
    "next_possible_tools": ["Tool1", "Tool2", ...]
}

Use the following tool descriptions to determine applicable tools:

Tool Name: Medical Diagnosis Tool
Conditions: HasSymptoms
Conclusions: PossibleDiseases
Description: A tool for diagnosing diseases based on symptoms.

Tool Name: Flu Test Tool
Conditions: PossibleDiseases
Conclusions: DiagnosedWithFlu
Description: A tool for testing the presence of flu virus.

Tool Name: Data Preprocessing Tool
Conditions: DataSetAvailable
Conclusions: CleanData
Description: A tool for cleaning and preprocessing datasets.

Tool Name: Model Training Tool
Conditions: CleanData
Conclusions: ModelTrained
Description: A tool for training machine learning models.

Tool Name: Question Understanding Tool
Conditions: UserQuestion
Conclusions: QuestionAnalyzed
Description: A tool for analyzing user questions.

Tool Name: Information Retrieval Tool
Conditions: QuestionAnalyzed
Conclusions: RelevantInformation
Description: A tool for retrieving information from a knowledge base.

Tool Name: Answer Generation Tool
Conditions: RelevantInformation
Conclusions: AnswerProvided
Description: A tool for generating answers.


2024-10-27 00:37:55,861 - INFO - Completion: Based on the given conditions, conclusions, and tools, the next possible tools to apply would likely be "Flu Test Tool". Here's the JSON response:

{
    "current_conditions": ["HasSymptoms", "PossibleDiseases"],
    "current_conclusions": ["PossibleDiseases"],
    "goal_conclusions": ["DiagnosedWithFlu"],
    "next_possible_tools": ["Flu Test Tool"]
}
2024-10-27 00:37:55,861 - INFO - Prompt Tokens: 337
2024-10-27 00:37:55,861 - INFO - Completion Tokens: 88
2024-10-27 00:37:55,861 - INFO - Total Tokens: 425
2024-10-27 00:37:55,861 - INFO - Next possible tools: ['Flu Test Tool']
2024-10-27 00:37:55,861 - INFO - Simulation: selected tool 'Flu Test Tool'.
2024-10-27 00:37:55,861 - INFO - Tool 'Flu Test Tool' applied successfully. Updated state: Conditions: DiagnosedWithFlu, HasSymptoms, PossibleDiseases; Conclusions: DiagnosedWithFlu.
2024-10-27 00:37:55,861 - INFO - Goal conclusions achieved during simulation.
2024-10-27 00:37:55,861 - INFO - Iteration 1 completed with reward: 1
2024-10-27 00:37:55,862 - INFO - MCTS Iteration 2/10
2024-10-27 00:37:55,862 - INFO - Selected node with state: Conditions: HasSymptoms, PossibleDiseases; Conclusions: PossibleDiseases
2024-10-27 00:37:59,579 - INFO - HTTP Request: POST https://www.apigptopen.xyz/v1/chat/completions "HTTP/1.1 200 OK"
2024-10-27 00:37:59,581 - INFO - API Call #3
2024-10-27 00:37:59,581 - INFO - Prompt: 
Based on the current state and goal, please generate the next possible tools to apply. The response must be in the following JSON format:

{
    "current_conditions": ["HasSymptoms", "PossibleDiseases"],
    "current_conclusions": ["PossibleDiseases"],
    "goal_conclusions": ["DiagnosedWithFlu"],
    "next_possible_tools": ["Tool1", "Tool2", ...]
}

Use the following tool descriptions to determine applicable tools:

Tool Name: Medical Diagnosis Tool
Conditions: HasSymptoms
Conclusions: PossibleDiseases
Description: A tool for diagnosing diseases based on symptoms.

Tool Name: Flu Test Tool
Conditions: PossibleDiseases
Conclusions: DiagnosedWithFlu
Description: A tool for testing the presence of flu virus.

Tool Name: Data Preprocessing Tool
Conditions: DataSetAvailable
Conclusions: CleanData
Description: A tool for cleaning and preprocessing datasets.

Tool Name: Model Training Tool
Conditions: CleanData
Conclusions: ModelTrained
Description: A tool for training machine learning models.

Tool Name: Question Understanding Tool
Conditions: UserQuestion
Conclusions: QuestionAnalyzed
Description: A tool for analyzing user questions.

Tool Name: Information Retrieval Tool
Conditions: QuestionAnalyzed
Conclusions: RelevantInformation
Description: A tool for retrieving information from a knowledge base.

Tool Name: Answer Generation Tool
Conditions: RelevantInformation
Conclusions: AnswerProvided
Description: A tool for generating answers.


2024-10-27 00:37:59,581 - INFO - Completion: Based on the provided state and the goal, the next possible tool to apply would be the "Flu Test Tool". This is because the current conclusions match the conditions of the "Flu Test Tool" and its conclusion is the goal. Here is the response in the requested JSON format:

{
    "current_conditions": ["HasSymptoms", "PossibleDiseases"],
    "current_conclusions": ["PossibleDiseases"],
    "goal_conclusions": ["DiagnosedWithFlu"],
    "next_possible_tools": ["Flu Test Tool"]
}
2024-10-27 00:37:59,581 - INFO - Prompt Tokens: 337
2024-10-27 00:37:59,581 - INFO - Completion Tokens: 114
2024-10-27 00:37:59,581 - INFO - Total Tokens: 451
2024-10-27 00:37:59,582 - INFO - Next possible tools: ['Flu Test Tool']
2024-10-27 00:37:59,582 - INFO - Tool 'Flu Test Tool' applied successfully. Updated state: Conditions: DiagnosedWithFlu, HasSymptoms, PossibleDiseases; Conclusions: DiagnosedWithFlu.
2024-10-27 00:37:59,582 - INFO - Expanded node with tool 'Flu Test Tool'. New state: Conditions: DiagnosedWithFlu, HasSymptoms, PossibleDiseases; Conclusions: DiagnosedWithFlu
2024-10-27 00:37:59,582 - INFO - Simulating node with state: Conditions: DiagnosedWithFlu, HasSymptoms, PossibleDiseases; Conclusions: DiagnosedWithFlu
2024-10-27 00:37:59,582 - INFO - Goal conclusions achieved during simulation.
2024-10-27 00:37:59,582 - INFO - Simulation achieved the goal with tool 'Flu Test Tool'.
2024-10-27 00:37:59,582 - INFO - Iteration 2 completed with reward: 1
2024-10-27 00:37:59,582 - INFO - MCTS Iteration 3/10
2024-10-27 00:37:59,582 - INFO - Selected node with state: Conditions: DiagnosedWithFlu, HasSymptoms, PossibleDiseases; Conclusions: DiagnosedWithFlu
2024-10-27 00:37:59,582 - INFO - Selected node already satisfies the goal. Assigning reward.
2024-10-27 00:37:59,583 - INFO - Iteration 3 completed with reward: 1
2024-10-27 00:37:59,583 - INFO - MCTS Iteration 4/10
2024-10-27 00:37:59,583 - INFO - Selected node with state: Conditions: DiagnosedWithFlu, HasSymptoms, PossibleDiseases; Conclusions: DiagnosedWithFlu
2024-10-27 00:37:59,583 - INFO - Selected node already satisfies the goal. Assigning reward.
2024-10-27 00:37:59,583 - INFO - Iteration 4 completed with reward: 1
2024-10-27 00:37:59,583 - INFO - MCTS Iteration 5/10
2024-10-27 00:37:59,583 - INFO - Selected node with state: Conditions: DiagnosedWithFlu, HasSymptoms, PossibleDiseases; Conclusions: DiagnosedWithFlu
2024-10-27 00:37:59,583 - INFO - Selected node already satisfies the goal. Assigning reward.
2024-10-27 00:37:59,583 - INFO - Iteration 5 completed with reward: 1
2024-10-27 00:37:59,583 - INFO - MCTS Iteration 6/10
2024-10-27 00:37:59,583 - INFO - Selected node with state: Conditions: DiagnosedWithFlu, HasSymptoms, PossibleDiseases; Conclusions: DiagnosedWithFlu
2024-10-27 00:37:59,583 - INFO - Selected node already satisfies the goal. Assigning reward.
2024-10-27 00:37:59,583 - INFO - Iteration 6 completed with reward: 1
2024-10-27 00:37:59,584 - INFO - MCTS Iteration 7/10
2024-10-27 00:37:59,584 - INFO - Selected node with state: Conditions: DiagnosedWithFlu, HasSymptoms, PossibleDiseases; Conclusions: DiagnosedWithFlu
2024-10-27 00:37:59,584 - INFO - Selected node already satisfies the goal. Assigning reward.
2024-10-27 00:37:59,584 - INFO - Iteration 7 completed with reward: 1
2024-10-27 00:37:59,584 - INFO - MCTS Iteration 8/10
2024-10-27 00:37:59,584 - INFO - Selected node with state: Conditions: DiagnosedWithFlu, HasSymptoms, PossibleDiseases; Conclusions: DiagnosedWithFlu
2024-10-27 00:37:59,584 - INFO - Selected node already satisfies the goal. Assigning reward.
2024-10-27 00:37:59,584 - INFO - Iteration 8 completed with reward: 1
2024-10-27 00:37:59,584 - INFO - MCTS Iteration 9/10
2024-10-27 00:37:59,584 - INFO - Selected node with state: Conditions: DiagnosedWithFlu, HasSymptoms, PossibleDiseases; Conclusions: DiagnosedWithFlu
2024-10-27 00:37:59,584 - INFO - Selected node already satisfies the goal. Assigning reward.
2024-10-27 00:37:59,584 - INFO - Iteration 9 completed with reward: 1
2024-10-27 00:37:59,584 - INFO - MCTS Iteration 10/10
2024-10-27 00:37:59,585 - INFO - Selected node with state: Conditions: DiagnosedWithFlu, HasSymptoms, PossibleDiseases; Conclusions: DiagnosedWithFlu
2024-10-27 00:37:59,585 - INFO - Selected node already satisfies the goal. Assigning reward.
2024-10-27 00:37:59,585 - INFO - Iteration 10 completed with reward: 1
2024-10-27 00:37:59,585 - INFO - Best node selected: Applied tool 'Flu Test Tool', Visits: 9, Total Reward: 9
2024-10-27 00:37:59,585 - INFO - Solution Found! Tool Application Sequence:
2024-10-27 00:37:59,585 - INFO - Applied Tool: Medical Diagnosis Tool, New State: Conditions: HasSymptoms, PossibleDiseases; Conclusions: PossibleDiseases
2024-10-27 00:37:59,585 - INFO - Applied Tool: Flu Test Tool, New State: Conditions: DiagnosedWithFlu, HasSymptoms, PossibleDiseases; Conclusions: DiagnosedWithFlu
2024-10-27 00:37:59,585 - INFO - API Call Statistics:
2024-10-27 00:37:59,585 - INFO - Total API Calls: 3
2024-10-27 00:37:59,585 - INFO - Total Prompt Tokens: 1000
2024-10-27 00:37:59,585 - INFO - Total Completion Tokens: 329
2024-10-27 00:37:59,586 - INFO - Total Tokens Used: 1329
2024-10-27 00:37:59,586 - INFO - End of MCTS execution.
2024-10-27 00:37:59,586 - INFO - --------------------------------------------------
2024-10-27 00:37:59,586 - INFO - Starting MCTS for Problem ID: 2
2024-10-27 00:37:59,586 - INFO - Initial Conditions: {'DataSetAvailable'}
2024-10-27 00:37:59,586 - INFO - Goal Conclusions: {'ModelTrained'}
2024-10-27 00:37:59,586 - INFO - MCTS Iteration 1/10
2024-10-27 00:37:59,586 - INFO - Selected node with state: Conditions: DataSetAvailable; Conclusions: 
2024-10-27 00:38:03,007 - INFO - HTTP Request: POST https://www.apigptopen.xyz/v1/chat/completions "HTTP/1.1 200 OK"
2024-10-27 00:38:03,009 - INFO - API Call #4
2024-10-27 00:38:03,009 - INFO - Prompt: 
Based on the current state and goal, please generate the next possible tools to apply. The response must be in the following JSON format:

{
    "current_conditions": ["DataSetAvailable"],
    "current_conclusions": [],
    "goal_conclusions": ["ModelTrained"],
    "next_possible_tools": ["Tool1", "Tool2", ...]
}

Use the following tool descriptions to determine applicable tools:

Tool Name: Medical Diagnosis Tool
Conditions: HasSymptoms
Conclusions: PossibleDiseases
Description: A tool for diagnosing diseases based on symptoms.

Tool Name: Flu Test Tool
Conditions: PossibleDiseases
Conclusions: DiagnosedWithFlu
Description: A tool for testing the presence of flu virus.

Tool Name: Data Preprocessing Tool
Conditions: DataSetAvailable
Conclusions: CleanData
Description: A tool for cleaning and preprocessing datasets.

Tool Name: Model Training Tool
Conditions: CleanData
Conclusions: ModelTrained
Description: A tool for training machine learning models.

Tool Name: Question Understanding Tool
Conditions: UserQuestion
Conclusions: QuestionAnalyzed
Description: A tool for analyzing user questions.

Tool Name: Information Retrieval Tool
Conditions: QuestionAnalyzed
Conclusions: RelevantInformation
Description: A tool for retrieving information from a knowledge base.

Tool Name: Answer Generation Tool
Conditions: RelevantInformation
Conclusions: AnswerProvided
Description: A tool for generating answers.


2024-10-27 00:38:03,009 - INFO - Completion: Based on the provided tools and the given state, the next possible tools to apply would be:

1. Data Preprocessing Tool: As the "DataSetAvailable" is a current condition, and the "CleanData" is a conclusion which can lead us to our goal.

Here is the response in the required JSON format:

{
    "current_conditions": ["DataSetAvailable"],
    "current_conclusions": [],
    "goal_conclusions": ["ModelTrained"],
    "next_possible_tools": ["Data Preprocessing Tool"]
}
2024-10-27 00:38:03,009 - INFO - Prompt Tokens: 322
2024-10-27 00:38:03,009 - INFO - Completion Tokens: 105
2024-10-27 00:38:03,009 - INFO - Total Tokens: 427
2024-10-27 00:38:03,009 - INFO - Next possible tools: ['Data Preprocessing Tool']
2024-10-27 00:38:03,009 - INFO - Tool 'Data Preprocessing Tool' applied successfully. Updated state: Conditions: DataSetAvailable, CleanData; Conclusions: CleanData.
2024-10-27 00:38:03,010 - INFO - Expanded node with tool 'Data Preprocessing Tool'. New state: Conditions: DataSetAvailable, CleanData; Conclusions: CleanData
2024-10-27 00:38:03,010 - INFO - Simulating node with state: Conditions: DataSetAvailable, CleanData; Conclusions: CleanData
2024-10-27 00:38:06,403 - INFO - HTTP Request: POST https://www.apigptopen.xyz/v1/chat/completions "HTTP/1.1 200 OK"
2024-10-27 00:38:06,405 - INFO - API Call #5
2024-10-27 00:38:06,405 - INFO - Prompt: 
Based on the current state and goal, please generate the next possible tools to apply. The response must be in the following JSON format:

{
    "current_conditions": ["DataSetAvailable", "CleanData"],
    "current_conclusions": ["CleanData"],
    "goal_conclusions": ["ModelTrained"],
    "next_possible_tools": ["Tool1", "Tool2", ...]
}

Use the following tool descriptions to determine applicable tools:

Tool Name: Medical Diagnosis Tool
Conditions: HasSymptoms
Conclusions: PossibleDiseases
Description: A tool for diagnosing diseases based on symptoms.

Tool Name: Flu Test Tool
Conditions: PossibleDiseases
Conclusions: DiagnosedWithFlu
Description: A tool for testing the presence of flu virus.

Tool Name: Data Preprocessing Tool
Conditions: DataSetAvailable
Conclusions: CleanData
Description: A tool for cleaning and preprocessing datasets.

Tool Name: Model Training Tool
Conditions: CleanData
Conclusions: ModelTrained
Description: A tool for training machine learning models.

Tool Name: Question Understanding Tool
Conditions: UserQuestion
Conclusions: QuestionAnalyzed
Description: A tool for analyzing user questions.

Tool Name: Information Retrieval Tool
Conditions: QuestionAnalyzed
Conclusions: RelevantInformation
Description: A tool for retrieving information from a knowledge base.

Tool Name: Answer Generation Tool
Conditions: RelevantInformation
Conclusions: AnswerProvided
Description: A tool for generating answers.


2024-10-27 00:38:06,405 - INFO - Completion: Based on the given current state (DatasetAvailable, CleanData) and the target conclusion (ModelTrained), the next possible tool to apply is the Model Training Tool. Here is the response in JSON format:

{
    "current_conditions": ["DataSetAvailable", "CleanData"],
    "current_conclusions": ["CleanData"],
    "goal_conclusions": ["ModelTrained"],
    "next_possible_tools": ["Model Training Tool"]
}
2024-10-27 00:38:06,406 - INFO - Prompt Tokens: 329
2024-10-27 00:38:06,406 - INFO - Completion Tokens: 89
2024-10-27 00:38:06,406 - INFO - Total Tokens: 418
2024-10-27 00:38:06,406 - INFO - Next possible tools: ['Model Training Tool']
2024-10-27 00:38:06,406 - INFO - Simulation: selected tool 'Model Training Tool'.
2024-10-27 00:38:06,406 - INFO - Tool 'Model Training Tool' applied successfully. Updated state: Conditions: DataSetAvailable, CleanData, ModelTrained; Conclusions: ModelTrained.
2024-10-27 00:38:06,406 - INFO - Goal conclusions achieved during simulation.
2024-10-27 00:38:06,406 - INFO - Iteration 1 completed with reward: 1
2024-10-27 00:38:06,406 - INFO - MCTS Iteration 2/10
2024-10-27 00:38:06,406 - INFO - Selected node with state: Conditions: DataSetAvailable, CleanData; Conclusions: CleanData
2024-10-27 00:38:09,042 - INFO - HTTP Request: POST https://www.apigptopen.xyz/v1/chat/completions "HTTP/1.1 200 OK"
2024-10-27 00:38:09,042 - INFO - API Call #6
2024-10-27 00:38:09,043 - INFO - Prompt: 
Based on the current state and goal, please generate the next possible tools to apply. The response must be in the following JSON format:

{
    "current_conditions": ["DataSetAvailable", "CleanData"],
    "current_conclusions": ["CleanData"],
    "goal_conclusions": ["ModelTrained"],
    "next_possible_tools": ["Tool1", "Tool2", ...]
}

Use the following tool descriptions to determine applicable tools:

Tool Name: Medical Diagnosis Tool
Conditions: HasSymptoms
Conclusions: PossibleDiseases
Description: A tool for diagnosing diseases based on symptoms.

Tool Name: Flu Test Tool
Conditions: PossibleDiseases
Conclusions: DiagnosedWithFlu
Description: A tool for testing the presence of flu virus.

Tool Name: Data Preprocessing Tool
Conditions: DataSetAvailable
Conclusions: CleanData
Description: A tool for cleaning and preprocessing datasets.

Tool Name: Model Training Tool
Conditions: CleanData
Conclusions: ModelTrained
Description: A tool for training machine learning models.

Tool Name: Question Understanding Tool
Conditions: UserQuestion
Conclusions: QuestionAnalyzed
Description: A tool for analyzing user questions.

Tool Name: Information Retrieval Tool
Conditions: QuestionAnalyzed
Conclusions: RelevantInformation
Description: A tool for retrieving information from a knowledge base.

Tool Name: Answer Generation Tool
Conditions: RelevantInformation
Conclusions: AnswerProvided
Description: A tool for generating answers.


2024-10-27 00:38:09,043 - INFO - Completion: Based on the current state, the next possible tool is the "Model Training Tool". Here is the JSON format response:

```
{
    "current_conditions": ["DataSetAvailable", "CleanData"],
    "current_conclusions": ["CleanData"],
    "goal_conclusions": ["ModelTrained"],
    "next_possible_tools": ["Model Training Tool"]
}
```
2024-10-27 00:38:09,043 - INFO - Prompt Tokens: 329
2024-10-27 00:38:09,043 - INFO - Completion Tokens: 74
2024-10-27 00:38:09,043 - INFO - Total Tokens: 403
2024-10-27 00:38:09,043 - INFO - Next possible tools: ['Model Training Tool']
2024-10-27 00:38:09,043 - INFO - Tool 'Model Training Tool' applied successfully. Updated state: Conditions: DataSetAvailable, CleanData, ModelTrained; Conclusions: ModelTrained.
2024-10-27 00:38:09,043 - INFO - Expanded node with tool 'Model Training Tool'. New state: Conditions: DataSetAvailable, CleanData, ModelTrained; Conclusions: ModelTrained
2024-10-27 00:38:09,043 - INFO - Simulating node with state: Conditions: DataSetAvailable, CleanData, ModelTrained; Conclusions: ModelTrained
2024-10-27 00:38:09,043 - INFO - Goal conclusions achieved during simulation.
2024-10-27 00:38:09,043 - INFO - Simulation achieved the goal with tool 'Model Training Tool'.
2024-10-27 00:38:09,043 - INFO - Iteration 2 completed with reward: 1
2024-10-27 00:38:09,043 - INFO - MCTS Iteration 3/10
2024-10-27 00:38:09,043 - INFO - Selected node with state: Conditions: DataSetAvailable, CleanData, ModelTrained; Conclusions: ModelTrained
2024-10-27 00:38:09,043 - INFO - Selected node already satisfies the goal. Assigning reward.
2024-10-27 00:38:09,043 - INFO - Iteration 3 completed with reward: 1
2024-10-27 00:38:09,043 - INFO - MCTS Iteration 4/10
2024-10-27 00:38:09,043 - INFO - Selected node with state: Conditions: DataSetAvailable, CleanData, ModelTrained; Conclusions: ModelTrained
2024-10-27 00:38:09,043 - INFO - Selected node already satisfies the goal. Assigning reward.
2024-10-27 00:38:09,043 - INFO - Iteration 4 completed with reward: 1
2024-10-27 00:38:09,043 - INFO - MCTS Iteration 5/10
2024-10-27 00:38:09,043 - INFO - Selected node with state: Conditions: DataSetAvailable, CleanData, ModelTrained; Conclusions: ModelTrained
2024-10-27 00:38:09,043 - INFO - Selected node already satisfies the goal. Assigning reward.
2024-10-27 00:38:09,043 - INFO - Iteration 5 completed with reward: 1
2024-10-27 00:38:09,043 - INFO - MCTS Iteration 6/10
2024-10-27 00:38:09,043 - INFO - Selected node with state: Conditions: DataSetAvailable, CleanData, ModelTrained; Conclusions: ModelTrained
2024-10-27 00:38:09,043 - INFO - Selected node already satisfies the goal. Assigning reward.
2024-10-27 00:38:09,043 - INFO - Iteration 6 completed with reward: 1
2024-10-27 00:38:09,043 - INFO - MCTS Iteration 7/10
2024-10-27 00:38:09,043 - INFO - Selected node with state: Conditions: DataSetAvailable, CleanData, ModelTrained; Conclusions: ModelTrained
2024-10-27 00:38:09,043 - INFO - Selected node already satisfies the goal. Assigning reward.
2024-10-27 00:38:09,043 - INFO - Iteration 7 completed with reward: 1
2024-10-27 00:38:09,043 - INFO - MCTS Iteration 8/10
2024-10-27 00:38:09,044 - INFO - Selected node with state: Conditions: DataSetAvailable, CleanData, ModelTrained; Conclusions: ModelTrained
2024-10-27 00:38:09,044 - INFO - Selected node already satisfies the goal. Assigning reward.
2024-10-27 00:38:09,044 - INFO - Iteration 8 completed with reward: 1
2024-10-27 00:38:09,044 - INFO - MCTS Iteration 9/10
2024-10-27 00:38:09,044 - INFO - Selected node with state: Conditions: DataSetAvailable, CleanData, ModelTrained; Conclusions: ModelTrained
2024-10-27 00:38:09,044 - INFO - Selected node already satisfies the goal. Assigning reward.
2024-10-27 00:38:09,044 - INFO - Iteration 9 completed with reward: 1
2024-10-27 00:38:09,044 - INFO - MCTS Iteration 10/10
2024-10-27 00:38:09,044 - INFO - Selected node with state: Conditions: DataSetAvailable, CleanData, ModelTrained; Conclusions: ModelTrained
2024-10-27 00:38:09,044 - INFO - Selected node already satisfies the goal. Assigning reward.
2024-10-27 00:38:09,044 - INFO - Iteration 10 completed with reward: 1
2024-10-27 00:38:09,044 - INFO - Best node selected: Applied tool 'Model Training Tool', Visits: 9, Total Reward: 9
2024-10-27 00:38:09,044 - INFO - Solution Found! Tool Application Sequence:
2024-10-27 00:38:09,044 - INFO - Applied Tool: Data Preprocessing Tool, New State: Conditions: DataSetAvailable, CleanData; Conclusions: CleanData
2024-10-27 00:38:09,044 - INFO - Applied Tool: Model Training Tool, New State: Conditions: DataSetAvailable, CleanData, ModelTrained; Conclusions: ModelTrained
2024-10-27 00:38:09,044 - INFO - API Call Statistics:
2024-10-27 00:38:09,044 - INFO - Total API Calls: 6
2024-10-27 00:38:09,044 - INFO - Total Prompt Tokens: 1980
2024-10-27 00:38:09,044 - INFO - Total Completion Tokens: 597
2024-10-27 00:38:09,044 - INFO - Total Tokens Used: 2577
2024-10-27 00:38:09,044 - INFO - End of MCTS execution.
2024-10-27 00:38:09,044 - INFO - --------------------------------------------------
2024-10-27 00:38:09,044 - INFO - Starting MCTS for Problem ID: 3
2024-10-27 00:38:09,044 - INFO - Initial Conditions: {'UserQuestion'}
2024-10-27 00:38:09,044 - INFO - Goal Conclusions: {'AnswerProvided'}
2024-10-27 00:38:09,044 - INFO - MCTS Iteration 1/10
2024-10-27 00:38:09,044 - INFO - Selected node with state: Conditions: UserQuestion; Conclusions: 
2024-10-27 00:38:13,461 - INFO - HTTP Request: POST https://www.apigptopen.xyz/v1/chat/completions "HTTP/1.1 200 OK"
2024-10-27 00:38:13,463 - INFO - API Call #7
2024-10-27 00:38:13,463 - INFO - Prompt: 
Based on the current state and goal, please generate the next possible tools to apply. The response must be in the following JSON format:

{
    "current_conditions": ["UserQuestion"],
    "current_conclusions": [],
    "goal_conclusions": ["AnswerProvided"],
    "next_possible_tools": ["Tool1", "Tool2", ...]
}

Use the following tool descriptions to determine applicable tools:

Tool Name: Medical Diagnosis Tool
Conditions: HasSymptoms
Conclusions: PossibleDiseases
Description: A tool for diagnosing diseases based on symptoms.

Tool Name: Flu Test Tool
Conditions: PossibleDiseases
Conclusions: DiagnosedWithFlu
Description: A tool for testing the presence of flu virus.

Tool Name: Data Preprocessing Tool
Conditions: DataSetAvailable
Conclusions: CleanData
Description: A tool for cleaning and preprocessing datasets.

Tool Name: Model Training Tool
Conditions: CleanData
Conclusions: ModelTrained
Description: A tool for training machine learning models.

Tool Name: Question Understanding Tool
Conditions: UserQuestion
Conclusions: QuestionAnalyzed
Description: A tool for analyzing user questions.

Tool Name: Information Retrieval Tool
Conditions: QuestionAnalyzed
Conclusions: RelevantInformation
Description: A tool for retrieving information from a knowledge base.

Tool Name: Answer Generation Tool
Conditions: RelevantInformation
Conclusions: AnswerProvided
Description: A tool for generating answers.


2024-10-27 00:38:13,463 - INFO - Completion: Based on the provided state and goal, the response in JSON format would be:

```json
{
    "current_conditions": ["UserQuestion"],
    "current_conclusions": [],
    "goal_conclusions": ["AnswerProvided"],
    "next_possible_tools": ["Question Understanding Tool"]
}
```
In this case, the current condition names the presence of a user question. Based on the provided tool descriptions, the correct tool to apply next would be the 'Question Understanding Tool' which will analyze the user's question (making the condition 'QuestionAnalyzed'), and it can potentially lead to the information retrieval and then to answer generation which is the ultimate goal.
2024-10-27 00:38:13,463 - INFO - Prompt Tokens: 322
2024-10-27 00:38:13,463 - INFO - Completion Tokens: 133
2024-10-27 00:38:13,463 - INFO - Total Tokens: 455
2024-10-27 00:38:13,463 - INFO - Next possible tools: ['Question Understanding Tool']
2024-10-27 00:38:13,464 - INFO - Tool 'Question Understanding Tool' applied successfully. Updated state: Conditions: UserQuestion, QuestionAnalyzed; Conclusions: QuestionAnalyzed.
2024-10-27 00:38:13,464 - INFO - Expanded node with tool 'Question Understanding Tool'. New state: Conditions: UserQuestion, QuestionAnalyzed; Conclusions: QuestionAnalyzed
2024-10-27 00:38:13,464 - INFO - Simulating node with state: Conditions: UserQuestion, QuestionAnalyzed; Conclusions: QuestionAnalyzed
2024-10-27 00:38:18,217 - INFO - HTTP Request: POST https://www.apigptopen.xyz/v1/chat/completions "HTTP/1.1 200 OK"
2024-10-27 00:38:18,219 - INFO - API Call #8
2024-10-27 00:38:18,219 - INFO - Prompt: 
Based on the current state and goal, please generate the next possible tools to apply. The response must be in the following JSON format:

{
    "current_conditions": ["UserQuestion", "QuestionAnalyzed"],
    "current_conclusions": ["QuestionAnalyzed"],
    "goal_conclusions": ["AnswerProvided"],
    "next_possible_tools": ["Tool1", "Tool2", ...]
}

Use the following tool descriptions to determine applicable tools:

Tool Name: Medical Diagnosis Tool
Conditions: HasSymptoms
Conclusions: PossibleDiseases
Description: A tool for diagnosing diseases based on symptoms.

Tool Name: Flu Test Tool
Conditions: PossibleDiseases
Conclusions: DiagnosedWithFlu
Description: A tool for testing the presence of flu virus.

Tool Name: Data Preprocessing Tool
Conditions: DataSetAvailable
Conclusions: CleanData
Description: A tool for cleaning and preprocessing datasets.

Tool Name: Model Training Tool
Conditions: CleanData
Conclusions: ModelTrained
Description: A tool for training machine learning models.

Tool Name: Question Understanding Tool
Conditions: UserQuestion
Conclusions: QuestionAnalyzed
Description: A tool for analyzing user questions.

Tool Name: Information Retrieval Tool
Conditions: QuestionAnalyzed
Conclusions: RelevantInformation
Description: A tool for retrieving information from a knowledge base.

Tool Name: Answer Generation Tool
Conditions: RelevantInformation
Conclusions: AnswerProvided
Description: A tool for generating answers.


2024-10-27 00:38:18,220 - INFO - Completion: Based on the current state and goal, the next possible tool to apply in this situation would be the Information Retrieval Tool and the Answer Generation Tool. As the current state already covers the UserQuestion being asked and analyzed ("QuestionAnalyzed"). The next step will be to use the Information Retrieval Tool to pull the relevant information. Once the relevant information is obtained, we would use the Answer Generation Tool to provide the answer that satisfies the user's query.

So, your JSON will look something like this:

```
{
    "current_conditions": ["UserQuestion", "QuestionAnalyzed"],
    "current_conclusions": ["QuestionAnalyzed"],
    "goal_conclusions": ["AnswerProvided"],
    "next_possible_tools": ["Information Retrieval
2024-10-27 00:38:18,220 - INFO - Prompt Tokens: 331
2024-10-27 00:38:18,220 - INFO - Completion Tokens: 150
2024-10-27 00:38:18,220 - INFO - Total Tokens: 481
2024-10-27 00:38:18,220 - INFO - Next possible tools: []
2024-10-27 00:38:18,220 - INFO - No available tools during simulation. Ending simulation.
2024-10-27 00:38:18,220 - INFO - Iteration 1 completed with reward: 0
2024-10-27 00:38:18,220 - INFO - MCTS Iteration 2/10
2024-10-27 00:38:18,220 - INFO - Selected node with state: Conditions: UserQuestion, QuestionAnalyzed; Conclusions: QuestionAnalyzed
2024-10-27 00:38:22,516 - INFO - HTTP Request: POST https://www.apigptopen.xyz/v1/chat/completions "HTTP/1.1 200 OK"
2024-10-27 00:38:22,518 - INFO - API Call #9
2024-10-27 00:38:22,518 - INFO - Prompt: 
Based on the current state and goal, please generate the next possible tools to apply. The response must be in the following JSON format:

{
    "current_conditions": ["UserQuestion", "QuestionAnalyzed"],
    "current_conclusions": ["QuestionAnalyzed"],
    "goal_conclusions": ["AnswerProvided"],
    "next_possible_tools": ["Tool1", "Tool2", ...]
}

Use the following tool descriptions to determine applicable tools:

Tool Name: Medical Diagnosis Tool
Conditions: HasSymptoms
Conclusions: PossibleDiseases
Description: A tool for diagnosing diseases based on symptoms.

Tool Name: Flu Test Tool
Conditions: PossibleDiseases
Conclusions: DiagnosedWithFlu
Description: A tool for testing the presence of flu virus.

Tool Name: Data Preprocessing Tool
Conditions: DataSetAvailable
Conclusions: CleanData
Description: A tool for cleaning and preprocessing datasets.

Tool Name: Model Training Tool
Conditions: CleanData
Conclusions: ModelTrained
Description: A tool for training machine learning models.

Tool Name: Question Understanding Tool
Conditions: UserQuestion
Conclusions: QuestionAnalyzed
Description: A tool for analyzing user questions.

Tool Name: Information Retrieval Tool
Conditions: QuestionAnalyzed
Conclusions: RelevantInformation
Description: A tool for retrieving information from a knowledge base.

Tool Name: Answer Generation Tool
Conditions: RelevantInformation
Conclusions: AnswerProvided
Description: A tool for generating answers.


2024-10-27 00:38:22,518 - INFO - Completion: Based on your current state - the user's question has been analyzed, and your goal - an answer needs to be provided, the applicable tool would be "Information Retrieval Tool" for fetching relevant information from the knowledge base and then "Answer Generation Tool" to generate the answers. 

The response, therefore, in the JSON format would look like this:

{
    "current_conditions": ["UserQuestion", "QuestionAnalyzed"],
    "current_conclusions": ["QuestionAnalyzed"],
    "goal_conclusions": ["AnswerProvided"],
    "next_possible_tools": ["Information Retrieval Tool", "Answer Generation Tool"]
}
2024-10-27 00:38:22,518 - INFO - Prompt Tokens: 331
2024-10-27 00:38:22,518 - INFO - Completion Tokens: 126
2024-10-27 00:38:22,518 - INFO - Total Tokens: 457
2024-10-27 00:38:22,518 - INFO - Next possible tools: ['Information Retrieval Tool', 'Answer Generation Tool']
2024-10-27 00:38:22,518 - INFO - Tool 'Information Retrieval Tool' applied successfully. Updated state: Conditions: UserQuestion, QuestionAnalyzed, RelevantInformation; Conclusions: RelevantInformation.
2024-10-27 00:38:22,519 - INFO - Expanded node with tool 'Information Retrieval Tool'. New state: Conditions: UserQuestion, QuestionAnalyzed, RelevantInformation; Conclusions: RelevantInformation
2024-10-27 00:38:22,519 - INFO - Tool 'Answer Generation Tool' conditions are not met and cannot be applied.
2024-10-27 00:38:22,519 - INFO - Simulating node with state: Conditions: UserQuestion, QuestionAnalyzed, RelevantInformation; Conclusions: RelevantInformation
2024-10-27 00:38:27,092 - INFO - HTTP Request: POST https://www.apigptopen.xyz/v1/chat/completions "HTTP/1.1 200 OK"
2024-10-27 00:38:27,094 - INFO - API Call #10
2024-10-27 00:38:27,094 - INFO - Prompt: 
Based on the current state and goal, please generate the next possible tools to apply. The response must be in the following JSON format:

{
    "current_conditions": ["UserQuestion", "QuestionAnalyzed", "RelevantInformation"],
    "current_conclusions": ["RelevantInformation"],
    "goal_conclusions": ["AnswerProvided"],
    "next_possible_tools": ["Tool1", "Tool2", ...]
}

Use the following tool descriptions to determine applicable tools:

Tool Name: Medical Diagnosis Tool
Conditions: HasSymptoms
Conclusions: PossibleDiseases
Description: A tool for diagnosing diseases based on symptoms.

Tool Name: Flu Test Tool
Conditions: PossibleDiseases
Conclusions: DiagnosedWithFlu
Description: A tool for testing the presence of flu virus.

Tool Name: Data Preprocessing Tool
Conditions: DataSetAvailable
Conclusions: CleanData
Description: A tool for cleaning and preprocessing datasets.

Tool Name: Model Training Tool
Conditions: CleanData
Conclusions: ModelTrained
Description: A tool for training machine learning models.

Tool Name: Question Understanding Tool
Conditions: UserQuestion
Conclusions: QuestionAnalyzed
Description: A tool for analyzing user questions.

Tool Name: Information Retrieval Tool
Conditions: QuestionAnalyzed
Conclusions: RelevantInformation
Description: A tool for retrieving information from a knowledge base.

Tool Name: Answer Generation Tool
Conditions: RelevantInformation
Conclusions: AnswerProvided
Description: A tool for generating answers.


2024-10-27 00:38:27,094 - INFO - Completion: Based on the current state provided and goal conclusion, the next possible tool to apply would be the "Answer Generation Tool". Here is the response in the requested JSON format:

{
    "current_conditions": ["UserQuestion", "QuestionAnalyzed", "RelevantInformation"],
    "current_conclusions": ["RelevantInformation"],
    "goal_conclusions": ["AnswerProvided"],
    "next_possible_tools": ["Answer Generation Tool"]
}
2024-10-27 00:38:27,094 - INFO - Prompt Tokens: 336
2024-10-27 00:38:27,094 - INFO - Completion Tokens: 88
2024-10-27 00:38:27,095 - INFO - Total Tokens: 424
2024-10-27 00:38:27,095 - INFO - Next possible tools: ['Answer Generation Tool']
2024-10-27 00:38:27,095 - INFO - Simulation: selected tool 'Answer Generation Tool'.
2024-10-27 00:38:27,095 - INFO - Tool 'Answer Generation Tool' applied successfully. Updated state: Conditions: UserQuestion, AnswerProvided, QuestionAnalyzed, RelevantInformation; Conclusions: AnswerProvided.
2024-10-27 00:38:27,095 - INFO - Goal conclusions achieved during simulation.
2024-10-27 00:38:27,095 - INFO - Iteration 2 completed with reward: 1
2024-10-27 00:38:27,095 - INFO - MCTS Iteration 3/10
2024-10-27 00:38:27,095 - INFO - Selected node with state: Conditions: UserQuestion, QuestionAnalyzed, RelevantInformation; Conclusions: RelevantInformation
2024-10-27 00:38:29,804 - INFO - HTTP Request: POST https://www.apigptopen.xyz/v1/chat/completions "HTTP/1.1 200 OK"
2024-10-27 00:38:29,806 - INFO - API Call #11
2024-10-27 00:38:29,806 - INFO - Prompt: 
Based on the current state and goal, please generate the next possible tools to apply. The response must be in the following JSON format:

{
    "current_conditions": ["UserQuestion", "QuestionAnalyzed", "RelevantInformation"],
    "current_conclusions": ["RelevantInformation"],
    "goal_conclusions": ["AnswerProvided"],
    "next_possible_tools": ["Tool1", "Tool2", ...]
}

Use the following tool descriptions to determine applicable tools:

Tool Name: Medical Diagnosis Tool
Conditions: HasSymptoms
Conclusions: PossibleDiseases
Description: A tool for diagnosing diseases based on symptoms.

Tool Name: Flu Test Tool
Conditions: PossibleDiseases
Conclusions: DiagnosedWithFlu
Description: A tool for testing the presence of flu virus.

Tool Name: Data Preprocessing Tool
Conditions: DataSetAvailable
Conclusions: CleanData
Description: A tool for cleaning and preprocessing datasets.

Tool Name: Model Training Tool
Conditions: CleanData
Conclusions: ModelTrained
Description: A tool for training machine learning models.

Tool Name: Question Understanding Tool
Conditions: UserQuestion
Conclusions: QuestionAnalyzed
Description: A tool for analyzing user questions.

Tool Name: Information Retrieval Tool
Conditions: QuestionAnalyzed
Conclusions: RelevantInformation
Description: A tool for retrieving information from a knowledge base.

Tool Name: Answer Generation Tool
Conditions: RelevantInformation
Conclusions: AnswerProvided
Description: A tool for generating answers.


2024-10-27 00:38:29,806 - INFO - Completion: Based on the current state and goal, the JSON representation of the next possible tools to apply is as follows:

{
    "current_conditions": ["UserQuestion", "QuestionAnalyzed", "RelevantInformation"],
    "current_conclusions": ["RelevantInformation"],
    "goal_conclusions": ["AnswerProvided"],
    "next_possible_tools": ["Answer Generation Tool"]
}
2024-10-27 00:38:29,806 - INFO - Prompt Tokens: 336
2024-10-27 00:38:29,806 - INFO - Completion Tokens: 76
2024-10-27 00:38:29,806 - INFO - Total Tokens: 412
2024-10-27 00:38:29,806 - INFO - Next possible tools: ['Answer Generation Tool']
2024-10-27 00:38:29,806 - INFO - Tool 'Answer Generation Tool' applied successfully. Updated state: Conditions: UserQuestion, AnswerProvided, QuestionAnalyzed, RelevantInformation; Conclusions: AnswerProvided.
2024-10-27 00:38:29,806 - INFO - Expanded node with tool 'Answer Generation Tool'. New state: Conditions: UserQuestion, AnswerProvided, QuestionAnalyzed, RelevantInformation; Conclusions: AnswerProvided
2024-10-27 00:38:29,807 - INFO - Simulating node with state: Conditions: UserQuestion, AnswerProvided, QuestionAnalyzed, RelevantInformation; Conclusions: AnswerProvided
2024-10-27 00:38:29,807 - INFO - Goal conclusions achieved during simulation.
2024-10-27 00:38:29,807 - INFO - Simulation achieved the goal with tool 'Answer Generation Tool'.
2024-10-27 00:38:29,807 - INFO - Iteration 3 completed with reward: 1
2024-10-27 00:38:29,807 - INFO - MCTS Iteration 4/10
2024-10-27 00:38:29,807 - INFO - Selected node with state: Conditions: UserQuestion, AnswerProvided, QuestionAnalyzed, RelevantInformation; Conclusions: AnswerProvided
2024-10-27 00:38:29,807 - INFO - Selected node already satisfies the goal. Assigning reward.
2024-10-27 00:38:29,807 - INFO - Iteration 4 completed with reward: 1
2024-10-27 00:38:29,807 - INFO - MCTS Iteration 5/10
2024-10-27 00:38:29,807 - INFO - Selected node with state: Conditions: UserQuestion, AnswerProvided, QuestionAnalyzed, RelevantInformation; Conclusions: AnswerProvided
2024-10-27 00:38:29,807 - INFO - Selected node already satisfies the goal. Assigning reward.
2024-10-27 00:38:29,807 - INFO - Iteration 5 completed with reward: 1
2024-10-27 00:38:29,808 - INFO - MCTS Iteration 6/10
2024-10-27 00:38:29,808 - INFO - Selected node with state: Conditions: UserQuestion, AnswerProvided, QuestionAnalyzed, RelevantInformation; Conclusions: AnswerProvided
2024-10-27 00:38:29,808 - INFO - Selected node already satisfies the goal. Assigning reward.
2024-10-27 00:38:29,808 - INFO - Iteration 6 completed with reward: 1
2024-10-27 00:38:29,808 - INFO - MCTS Iteration 7/10
2024-10-27 00:38:29,808 - INFO - Selected node with state: Conditions: UserQuestion, AnswerProvided, QuestionAnalyzed, RelevantInformation; Conclusions: AnswerProvided
2024-10-27 00:38:29,808 - INFO - Selected node already satisfies the goal. Assigning reward.
2024-10-27 00:38:29,808 - INFO - Iteration 7 completed with reward: 1
2024-10-27 00:38:29,808 - INFO - MCTS Iteration 8/10
2024-10-27 00:38:29,808 - INFO - Selected node with state: Conditions: UserQuestion, AnswerProvided, QuestionAnalyzed, RelevantInformation; Conclusions: AnswerProvided
2024-10-27 00:38:29,808 - INFO - Selected node already satisfies the goal. Assigning reward.
2024-10-27 00:38:29,808 - INFO - Iteration 8 completed with reward: 1
2024-10-27 00:38:29,808 - INFO - MCTS Iteration 9/10
2024-10-27 00:38:29,808 - INFO - Selected node with state: Conditions: UserQuestion, AnswerProvided, QuestionAnalyzed, RelevantInformation; Conclusions: AnswerProvided
2024-10-27 00:38:29,808 - INFO - Selected node already satisfies the goal. Assigning reward.
2024-10-27 00:38:29,808 - INFO - Iteration 9 completed with reward: 1
2024-10-27 00:38:29,808 - INFO - MCTS Iteration 10/10
2024-10-27 00:38:29,808 - INFO - Selected node with state: Conditions: UserQuestion, AnswerProvided, QuestionAnalyzed, RelevantInformation; Conclusions: AnswerProvided
2024-10-27 00:38:29,808 - INFO - Selected node already satisfies the goal. Assigning reward.
2024-10-27 00:38:29,808 - INFO - Iteration 10 completed with reward: 1
2024-10-27 00:38:29,808 - INFO - Best node selected: Applied tool 'Answer Generation Tool', Visits: 8, Total Reward: 8
2024-10-27 00:38:29,808 - INFO - Solution Found! Tool Application Sequence:
2024-10-27 00:38:29,808 - INFO - Applied Tool: Question Understanding Tool, New State: Conditions: UserQuestion, QuestionAnalyzed; Conclusions: QuestionAnalyzed
2024-10-27 00:38:29,808 - INFO - Applied Tool: Information Retrieval Tool, New State: Conditions: UserQuestion, QuestionAnalyzed, RelevantInformation; Conclusions: RelevantInformation
2024-10-27 00:38:29,808 - INFO - Applied Tool: Answer Generation Tool, New State: Conditions: UserQuestion, AnswerProvided, QuestionAnalyzed, RelevantInformation; Conclusions: AnswerProvided
2024-10-27 00:38:29,809 - INFO - API Call Statistics:
2024-10-27 00:38:29,809 - INFO - Total API Calls: 11
2024-10-27 00:38:29,809 - INFO - Total Prompt Tokens: 3636
2024-10-27 00:38:29,809 - INFO - Total Completion Tokens: 1170
2024-10-27 00:38:29,809 - INFO - Total Tokens Used: 4806
2024-10-27 00:38:29,809 - INFO - End of MCTS execution.
2024-10-27 00:38:29,809 - INFO - --------------------------------------------------
