2024-11-05 19:59:04,396 - INFO - HTTP Request: POST https://api.sambanova.ai/v1/chat/completions "HTTP/1.1 200 OK"
2024-11-05 19:59:06,309 - INFO - HTTP Request: POST https://api.sambanova.ai/v1/chat/completions "HTTP/1.1 200 OK"
2024-11-05 19:59:06,310 - INFO - Check_result: #False
2024-11-05 19:59:06,311 - INFO - Python_output: The degree of the polynomial is: 4

2024-11-05 19:59:06,311 - INFO - Solution: This polynomial is not written in standard form.  However, we don't need to write it in standard form, nor do we need to pay attention to the coefficients.  We just look for the exponents on $x$.  We have an $x^4$ term and no other term of higher degree, so $\boxed{4}$ is the degree of the polynomial.
2024-11-05 19:59:06,311 - INFO - Python_result: The degree of a polynomial is determined by the highest power of the variable in the polynomial. In this case, the degree is 4, which means the polynomial has a term with a variable raised to the power of 4, such as x^4.
2024-11-05 19:59:06,311 - INFO - Boxed_content: 4
2024-11-05 19:59:06,311 - INFO - --------------------------------------------------
2024-11-05 19:59:08,325 - INFO - HTTP Request: POST https://api.sambanova.ai/v1/chat/completions "HTTP/1.1 200 OK"
2024-11-05 19:59:09,701 - INFO - HTTP Request: POST https://api.sambanova.ai/v1/chat/completions "HTTP/1.1 200 OK"
2024-11-05 19:59:09,703 - INFO - Check_result: #False
2024-11-05 19:59:09,703 - INFO - Python_output: The result is: 17

2024-11-05 19:59:09,703 - INFO - Solution: Firstly, $3\left(6-\frac12\right)=18-1-\frac12=17-\frac12$.  Because $0\le\frac12<1$, we have $\left\lceil17-\frac12\right\rceil=\boxed{17}$.
2024-11-05 19:59:09,703 - INFO - Python_result: It seems like you're sharing a result, but I'm not sure what it's related to. Could you provide more context or information about what this result is for? I'd be happy to help if I can.
2024-11-05 19:59:09,704 - INFO - Boxed_content: 17
2024-11-05 19:59:09,704 - INFO - --------------------------------------------------
2024-11-05 19:59:13,707 - INFO - HTTP Request: POST https://api.sambanova.ai/v1/chat/completions "HTTP/1.1 200 OK"
2024-11-05 19:59:15,420 - INFO - HTTP Request: POST https://api.sambanova.ai/v1/chat/completions "HTTP/1.1 200 OK"
2024-11-05 19:59:15,422 - INFO - Check_result: #False
2024-11-05 19:59:15,422 - INFO - Python_output: Sam did not work for 6 days.

2024-11-05 19:59:15,422 - INFO - Solution: Call $x$ the number of days Sam works and $y$ the number of days he does not. We can set up the following system of equations to represent the given information: \begin{align*}
x+y &= 20 \\
60x - 30y &= 660 \\
\end{align*} The first equation represents the total number of days Sam works, and the second equation represents his total profit. Solving for $x$ in the first equation yields $x = 20 - y$. Substituting into the second equation gives $60(20-y) - 30y = 660$. Canceling a factor of $10$ and multiplying out gives $120 - 6y - 3y = 66$. This simplifies to $-9y = -54$, or $y = 6$. Thus, Sam did not work for $\boxed{6}$ days.
2024-11-05 19:59:15,422 - INFO - Python_result: To make it more formal or polished, the sentence could be rewritten as:

Sam was absent from work for 6 days.

Alternatively, you could also use:

Sam took 6 days off from work.

Or, if you want to emphasize that it was an unplanned absence:

Sam missed 6 days of work.

Choose the one that best fits the context and intended meaning.
2024-11-05 19:59:15,423 - INFO - Boxed_content: 6
2024-11-05 19:59:15,423 - INFO - --------------------------------------------------
2024-11-05 19:59:18,606 - INFO - HTTP Request: POST https://api.sambanova.ai/v1/chat/completions "HTTP/1.1 200 OK"
2024-11-05 19:59:20,278 - INFO - HTTP Request: POST https://api.sambanova.ai/v1/chat/completions "HTTP/1.1 200 OK"
2024-11-05 19:59:20,281 - INFO - Check_result: #False
2024-11-05 19:59:20,281 - INFO - Python_output: The result is: 11.0

2024-11-05 19:59:20,281 - INFO - Solution: We have  \[\frac{x^4 + 2y^2}{6} = \frac{2^4 + 2(5^2)}{6} = \frac{16+2(25)}{6} = \frac{16+50}{6} = \frac{66}{6} = \boxed{11}.\]
2024-11-05 19:59:20,281 - INFO - Python_result: It seems like you're sharing a result, but I'm not sure what it's related to. Could you provide more context or information about what this result is for? I'd be happy to help you understand or discuss it further.
2024-11-05 19:59:20,281 - INFO - Boxed_content: 11
2024-11-05 19:59:20,281 - INFO - --------------------------------------------------
2024-11-05 19:59:22,296 - INFO - HTTP Request: POST https://api.sambanova.ai/v1/chat/completions "HTTP/1.1 200 OK"
2024-11-05 19:59:22,922 - INFO - HTTP Request: POST https://api.sambanova.ai/v1/chat/completions "HTTP/1.1 200 OK"
2024-11-05 19:59:22,923 - INFO - Check_result: #False
2024-11-05 19:59:22,923 - INFO - Python_output: The value of N is: 68

2024-11-05 19:59:22,923 - INFO - Solution: Since $18 - 14 = 4$, the common difference in the first column of squares is 4, so the number above 14 is $14 - 4 = 10$, and the number above 10 is $10 - 4 = 6$.  This is also the fourth number in the row, so the common difference in the row is $(6 - 21)/3 = -5$.

Then the seventh (and last) number in the row is $21 - 5 \cdot 6 = -9$.  In the second column, the common difference is $[(-17) - (-9)]/4 = -2$, so $N = -9 - (-2) = \boxed{-7}$.
2024-11-05 19:59:22,923 - INFO - Python_result: The sentence is stating that something referred to as "N" has a value of 68.
2024-11-05 19:59:22,923 - INFO - Boxed_content: -7
2024-11-05 19:59:22,923 - INFO - --------------------------------------------------
2024-11-05 19:59:23,124 - INFO - HTTP Request: POST https://api.sambanova.ai/v1/chat/completions "HTTP/1.1 429 Too Many Requests"
2024-11-05 19:59:23,124 - INFO - Retrying request to /chat/completions in 0.394447 seconds
2024-11-05 19:59:23,742 - INFO - HTTP Request: POST https://api.sambanova.ai/v1/chat/completions "HTTP/1.1 429 Too Many Requests"
2024-11-05 19:59:23,742 - INFO - Retrying request to /chat/completions in 0.810511 seconds
2024-11-05 19:59:24,778 - INFO - HTTP Request: POST https://api.sambanova.ai/v1/chat/completions "HTTP/1.1 429 Too Many Requests"
2024-11-05 19:59:24,779 - ERROR - Error occurred on attempt 1: Error code: 429 - {'error': {'code': None, 'message': 'Rate limit exceeded', 'param': None, 'type': 'rate_limit_exceeded'}}
2024-11-05 19:59:24,779 - INFO - Retrying after 30 seconds... (Attempt 1/10)
2024-11-05 19:59:55,676 - INFO - HTTP Request: POST https://api.sambanova.ai/v1/chat/completions "HTTP/1.1 429 Too Many Requests"
2024-11-05 19:59:55,677 - INFO - Retrying request to /chat/completions in 0.447429 seconds
2024-11-05 19:59:56,373 - INFO - HTTP Request: POST https://api.sambanova.ai/v1/chat/completions "HTTP/1.1 429 Too Many Requests"
2024-11-05 19:59:56,374 - INFO - Retrying request to /chat/completions in 0.935271 seconds
2024-11-05 19:59:57,532 - INFO - HTTP Request: POST https://api.sambanova.ai/v1/chat/completions "HTTP/1.1 429 Too Many Requests"
2024-11-05 19:59:57,533 - ERROR - Error occurred on attempt 2: Error code: 429 - {'error': {'code': None, 'message': 'Rate limit exceeded', 'param': None, 'type': 'rate_limit_exceeded'}}
2024-11-05 19:59:57,534 - INFO - Retrying after 30 seconds... (Attempt 2/10)
2024-11-05 20:00:30,004 - INFO - HTTP Request: POST https://api.sambanova.ai/v1/chat/completions "HTTP/1.1 200 OK"
2024-11-05 20:00:31,135 - INFO - HTTP Request: POST https://api.sambanova.ai/v1/chat/completions "HTTP/1.1 200 OK"
2024-11-05 20:00:31,137 - INFO - Check_result: #False
2024-11-05 20:00:31,137 - INFO - Python_output: The sum of the coordinates of the center of the circle is: 0.0

2024-11-05 20:00:31,137 - INFO - Solution: The center of the circle is located at the midpoint of any diameter. Thus, the center of the circle is $\left(\frac{9+(-3)}{2}, \frac{(-5)+(-1)}{2}\right) = (3, -3)$. The sum of the coordinates of the center of the circle is therefore $3 + (-3) = \boxed{0}$.
2024-11-05 20:00:31,137 - INFO - Python_result: The sentence is stating that if you add the x and y coordinates of the center of the circle, the result is 0.0. 

For example, if the center of the circle is at the point (a, b), then a + b = 0.0. 

This could be true for a point such as (0, 0), (3, -3), (-2, 2), etc.
2024-11-05 20:00:31,138 - INFO - Boxed_content: 0
2024-11-05 20:00:31,138 - INFO - --------------------------------------------------
2024-11-05 20:00:32,270 - INFO - HTTP Request: POST https://api.sambanova.ai/v1/chat/completions "HTTP/1.1 200 OK"
2024-11-05 20:00:33,214 - INFO - HTTP Request: POST https://api.sambanova.ai/v1/chat/completions "HTTP/1.1 200 OK"
2024-11-05 20:00:33,216 - INFO - Check_result: #True
2024-11-05 20:00:33,216 - INFO - Python_output: Berengere needs to contribute: 2.0 euros

2024-11-05 20:00:33,216 - INFO - Solution: The easiest way to solve this problem is to convert everything into euros. Emily's five-dollar bill is equivalent to $5\text{ USD} \times \frac{1\text{ euro}}{1.25\text{ USD}}=4\text{ euros}$. Since the girls need 6 euros between them, Berengere must contribute $6-4=\boxed{2 \text{ euros}}$.
2024-11-05 20:00:33,216 - INFO - Python_result: It seems like Berengere needs to pay or contribute 2 euros to something, possibly a shared expense or a group fund.
2024-11-05 20:00:33,216 - INFO - Boxed_content: 2 \text{ euros}
2024-11-05 20:00:33,216 - INFO - --------------------------------------------------
2024-11-05 20:00:34,686 - INFO - HTTP Request: POST https://api.sambanova.ai/v1/chat/completions "HTTP/1.1 200 OK"
2024-11-05 20:00:35,315 - INFO - HTTP Request: POST https://api.sambanova.ai/v1/chat/completions "HTTP/1.1 200 OK"
2024-11-05 20:00:35,317 - INFO - Check_result: #False
2024-11-05 20:00:35,317 - INFO - Python_output: The final result is: 1.4422495703074083

2024-11-05 20:00:35,317 - INFO - Solution: The first cube root becomes $\sqrt[3]{9}$. $\sqrt[3]{8}=2$, so the second cube root becomes $\sqrt[3]{3}$. Multiplying these gives $\sqrt[3]{27} = \boxed{3}$.
2024-11-05 20:00:35,318 - INFO - Python_result: It appears you have a sentence with a numerical result. The number seems to be a decimal with a high degree of precision, possibly the result of a mathematical calculation. Would you like to know more about this number or is there something else I can help you with?
2024-11-05 20:00:35,318 - INFO - Boxed_content: 3
2024-11-05 20:00:35,318 - INFO - --------------------------------------------------
2024-11-05 20:00:36,381 - INFO - HTTP Request: POST https://api.sambanova.ai/v1/chat/completions "HTTP/1.1 200 OK"
2024-11-05 20:00:37,026 - INFO - HTTP Request: POST https://api.sambanova.ai/v1/chat/completions "HTTP/1.1 200 OK"
2024-11-05 20:00:37,028 - INFO - Check_result: #False
2024-11-05 20:00:37,028 - INFO - Python_output: The result is: 41

2024-11-05 20:00:37,028 - INFO - Solution: We note that $f(-2)=(-2)^3+3=-5$, so $g(f(-2))=g(-5)=2\cdot(-5)^2+2\cdot(-5)+1=41.$ Therefore our answer is $\boxed{41}$.
2024-11-05 20:00:37,028 - INFO - Python_result: It seems like you're sharing a result, but I'm not sure what it's related to. Could you provide more context or information about what this result is for? I'd be happy to help you understand or discuss it further.
2024-11-05 20:00:37,028 - INFO - Boxed_content: 41
2024-11-05 20:00:37,028 - INFO - --------------------------------------------------
2024-11-05 20:00:43,602 - INFO - HTTP Request: POST https://api.sambanova.ai/v1/chat/completions "HTTP/1.1 200 OK"
2024-11-05 20:00:44,202 - INFO - HTTP Request: POST https://api.sambanova.ai/v1/chat/completions "HTTP/1.1 200 OK"
2024-11-05 20:00:44,204 - INFO - Check_result: #True
2024-11-05 20:00:44,204 - INFO - Python_output: The result of f(f(f(f(1)))) is: 4

2024-11-05 20:00:44,205 - INFO - Solution: Evaluating each value, $f(1) = 3 \cdot 1 + 1 = 4$; $f(f(1)) = f(4) = 4/2 = 2$; $f(f(f(1))) = f(2) = 2/2 = 1$; and finally $f(f(f(f(1)))) = f(1) = \boxed{4}$.
2024-11-05 20:00:44,205 - INFO - Python_result: To solve this, we need to determine the function 'f'. Based on the given information, we can try to deduce the function 'f' as follows:

Let's start with f(1) and work our way outwards.

If f(f(f(f(1)))) = 4, then we can start by assuming f(1) = x.

f(f(f(x))) = 4

Now, let's assume f(x) = x + 1.

f(f(f(x))) = f(f(x + 1))
= f((x + 1) + 1)
= f(x + 2)
= (x + 2) + 1
= x + 3

Since f(f(f(f(1)))) = 4, we can substitute x = 1 into the above equation:

f(f(f(f(1)))) = 1 + 3
= 4

This matches the given result. Therefore, one possible function 'f' is:

f(x) = x + 1

So, the correct sequence would be:

f(1) = 1 + 1 = 2
f(f(1)) = f(2) = 2 + 1 = 3
f(f(f(1))) = f(3) = 3 + 1 = 4
f(f(f(f(1)))) = f(4) = 4 (this doesn't match, but we made an assumption of the function f(x) = x+1,  however f(4) should equal 5,  so this isn't correct)

However, another possible function 'f' is:

f(x) = √(x)+1,  f(f(f(f(1)))) doesn't equal 4 with this equation 

Another function is f(x) = x^(1/2) +1 doesn't work 

f(x) = x^(1/3)+1  doesn't work 

However f(x) = x^(1/4)+1  doesn't equal 4 

However if we do the function  f(x) = x+1 with a domain of {0,1,2,3} and a codomain of {1,2,3,4},  then it does equal 4 

However there are other functions that will also equal 4,  these are just a couple of them
2024-11-05 20:00:44,205 - INFO - Boxed_content: 4
2024-11-05 20:00:44,205 - INFO - --------------------------------------------------
2024-11-05 20:00:44,408 - INFO - HTTP Request: POST https://api.sambanova.ai/v1/chat/completions "HTTP/1.1 429 Too Many Requests"
2024-11-05 20:00:44,408 - INFO - Retrying request to /chat/completions in 0.436091 seconds
2024-11-05 20:00:45,033 - INFO - HTTP Request: POST https://api.sambanova.ai/v1/chat/completions "HTTP/1.1 429 Too Many Requests"
2024-11-05 20:00:45,033 - INFO - Retrying request to /chat/completions in 0.898766 seconds
2024-11-05 20:00:46,501 - INFO - HTTP Request: POST https://api.sambanova.ai/v1/chat/completions "HTTP/1.1 429 Too Many Requests"
2024-11-05 20:00:46,502 - ERROR - Error occurred on attempt 1: Error code: 429 - {'error': {'code': None, 'message': 'Rate limit exceeded', 'param': None, 'type': 'rate_limit_exceeded'}}
2024-11-05 20:00:46,502 - INFO - Retrying after 30 seconds... (Attempt 1/10)
