2024-11-03 02:23:51,182 - INFO - HTTP Request: POST https://www.apigptopen.xyz/v1/chat/completions "HTTP/1.1 200 OK"
2024-11-03 02:23:51,190 - INFO - API Call #1
2024-11-03 02:23:51,191 - INFO - Prompt: 
## Task Description

You will generate a structured conversation that represents a sequence of function calls based on a given mathematical problem, its solution, and the corresponding Python code. The conversation should illustrate how the problem is solved step-by-step, including any necessary function calls.

### Input Format:

1. **[problem]:** A brief description of a mathematical problem.
2. **[solution]:** A detailed solution to the problem, including any intermediate steps.
3. **[python solution]:** The Python code used to calculate the solution, which may include custom functions.

### Output Format:

The output should be in JSON format, depicting a dialogue between a user and an assistant. The dialogue should include observations and feedback after each function call.
If the provided Python solution is missing any necessary functions, include those functions in the output. Each missing function should be presented in standard Python format, with a brief description of its purpose.
The functions to include are those for basic operations such as addition (Add), multiplication (multiply), exponentiation (power), modulus (mod), division (divide) and so on. Do not include them if they are not used.


### Example Input:

```
[problem]:  
If \( x = 2 \) and \( y = 5 \), then what is the value of \( rac{x^4 + 2y^2}{6} \)?

[solution]:  
We have  
\[ 
rac{x^4 + 2y^2}{6} = rac{2^4 + 2(5^2)}{6} = rac{16 + 50}{6} = rac{66}{6} = oxed{11}. 
\]

[python solution]:    
def calculate_power(base, exponent):
    # Function to calculate the power of a number.
    return base ** exponent

def divide_by(value, divisor):
    # Function to divide a value by a divisor.
    return value / divisor

# Example code execution
if __name__ == "__main__":
    x = 2
    y = 5
    expression_value = calculate_power(x, 4) + 2 * calculate_power(y, 2)
    answer = divide_by(expression_value, 6)
    print(answer)
```

### Example Output:

Dialogue Messages:

```json
[
    {
        "role": "user",
        "content": "If \( x = 2 \) and \( y = 5 \), then what is the value of \( rac{x^4 + 2y^2}{6} \)?"
    },
    {
        "role": "function",
        "content": {"name": "calculate_power", "arguments": {"base": 2, "exponent": 4}}
    },
    {
        "role": "observation",
        "content": {"power": 16}
    },
    {
        "role": "assistant",
        "content": "The power of x is 16."
    },
    {
        "role": "user",
        "content": "Now, with \( x^4 = 16 \), what is the next step for \( rac{x^4 + 2y^2}{6} \)?" 
    },
    {
        "role": "function",
        "content": {"name": "calculate_power", "arguments": {"base": 5, "exponent": 2}}
    },
    {
        "role": "observation",
        "content": {"Square": 25}
    },
    {
        "role": "assistant",
        "content": "The square of y is 25."
    },
    {
        "role": "user",
        "content": "Given \( y^2 = 25 \), what is \( 2y^2 \)?"
    },
    {
        "role": "function",
        "content": {"name": "multiply", "arguments": {"value1": 2, "value2": 25}}
    },
    {
        "role": "observation",
        "content": {"multiple": 50}
    },
    {
        "role": "assistant",
        "content": "The value of \( 2y^2 \) is 50."
    },
    {
        "role": "user",
        "content": "Now, what is the total of \( x^4 + 2y^2 \)?"
    },
    {
        "role": "function",
        "content": {"name": "Add", "arguments": {"value1": 16, "value2": 50}}
    },
    {
        "role": "observation",
        "content": {"add_result": 66}
    },
    {
        "role": "assistant",
        "content": "The sum \( x^4 + 2y^2 \) is 66."
    },
    {
        "role": "user",
        "content": "Finally, what is \( rac{66}{6} \)?"
    },
    {
        "role": "function",
        "content": {"name": "divide_by", "arguments": {"value": 66, "divisor": 6}}
    },
    {
        "role": "observation",
        "content": {"divide_result": 11}
    },
    {
        "role": "assistant",
        "content": "The final result is \( 11 \)."
    }
]
```

Missing Python Functions:

```python
def Add(value1, value2):
    """
    Add two values.

    Args:
        value1 (int or float): The first value.
        value2 (int or float): The second value.

    Returns:
        int or float: The sum of value1 and value2.
    """
    return value1 + value2

def multiply(value1, value2):
    """
    Multiply two values.

    Args:
        value1 (int or float): The first value.
        value2 (int or float): The second value.

    Returns:
        int or float: The product of value1 and value2.
    """
    return value1 * value2
```


### Input:

[problem]:
In the polygon shown, each side is perpendicular to its adjacent sides, and all 28 of the sides are congruent.  The perimeter of the polygon is 56.  Find the area of the polygon.

[asy]
unitsize(0.5 cm);

draw((3,0)--(4,0)--(4,1)--(5,1)--(5,2)--(6,2)--(6,3)--(7,3)--(7,4)--(6,4)--(6,5)--(5,5)--(5,6)--(4,6)--(4,7)--(3,7)--(3,6)--(2,6)--(2,5)--(1,5)--(1,4)--(0,4)--(0,3)--(1,3)--(1,2)--(2,2)--(2,1)--(3,1)--cycle);
[/asy]

[solution]:
We can divide the polygon into 25 squares.

[asy]
unitsize(0.5 cm);

draw((3,0)--(4,0));
draw((2,1)--(5,1));
draw((1,2)--(6,2));
draw((0,3)--(7,3));
draw((0,4)--(7,4));
draw((1,5)--(6,5));
draw((2,6)--(5,6));
draw((3,7)--(4,7));
draw((0,3)--(0,4));
draw((1,2)--(1,5));
draw((2,1)--(2,6));
draw((3,0)--(3,7));
draw((4,0)--(4,7));
draw((5,1)--(5,6));
draw((6,2)--(6,5));
draw((7,3)--(7,4));
[/asy]

Let the side length of each square be $s$.  Then the perimeter of the polygon is $28s = 56$, so $s = 2$.  Hence, the area of the polygon is $25s^2 = \boxed{100}$.

[python solution]:

def calculate_side_length(perimeter, number_of_sides):
    """
    Calculate the length of each side of a polygon.

    Args:
        perimeter (int or float): The perimeter of the polygon.
        number_of_sides (int): The total number of sides of the polygon.

    Returns:
        float: The length of each side of the polygon.
    """
    return perimeter / number_of_sides


def calculate_area_of_polygon(side_length, number_of_squares):
    """
    Calculate the area of a polygon composed of squares.

    Args:
        side_length (int or float): The length of each side of the squares.
        number_of_squares (int): The total number of squares in the polygon.

    Returns:
        float: The area of the polygon.
    """
    return number_of_squares * (side_length ** 2)


# run the main function and print the result
if __name__ == "__main__":
    perimeter = 56
    number_of_sides = 28
    number_of_squares = 25
    
    # Calculate the side length of the polygon
    side_length = calculate_side_length(perimeter, number_of_sides)
    
    # Calculate the area of the polygon
    area = calculate_area_of_polygon(side_length, number_of_squares)
    
    print(f"The area of the polygon is: {area}")


2024-11-03 02:23:51,191 - INFO - Completion: ```json
[
    {
        "role": "user",
        "content": "In the polygon shown, each side is perpendicular to its adjacent sides, and all 28 of the sides are congruent. The perimeter of the polygon is 56. Find the area of the polygon."
    },
    {
        "role": "function",
        "content": {"name": "calculate_side_length", "arguments": {"perimeter": 56, "number_of_sides": 28}}
    },
    {
        "role": "observation",
        "content": {"side_length": 2}
    },
    {
        "role": "assistant",
        "content": "The side length of each side of the polygon is 2."
    },
    {
        "role": "user",
        "content": "Now that we know the side length of the squares, what is the area of the polygon composed of 25 squares?"
    },
    {
        "role": "function",
        "content": {"name": "calculate_area_of_polygon", "arguments": {"side_length": 2, "number_of_squares": 25}}
    },
    {
        "role": "observation",
        "content": {"area": 100}
    },
    {
        "role": "assistant",
        "content": "The area of the polygon is 100."
    }
]
```

Missing Python Functions:

```python
def calculate_side_length(perimeter, number_of_sides):
    """
    Calculate the length of each side of a polygon.

    Args:
        perimeter (int or float): The perimeter of the polygon.
        number_of_sides (int): The total number of sides of the polygon.

    Returns:
        float: The length of each side of the polygon.
    """
    return perimeter / number_of_sides

def calculate_area_of_polygon(side_length, number_of_squares):
    """
    Calculate the area of a polygon composed of squares.

    Args:
        side_length (int or float): The length of each side of the squares.
        number_of_squares (int): The total number of squares in the polygon.

    Returns:
        float: The area of the polygon.
    """
    return number_of_squares * (side_length ** 2)
```
2024-11-03 02:23:51,191 - INFO - Prompt Tokens: 2063
2024-11-03 02:23:51,191 - INFO - Completion Tokens: 471
2024-11-03 02:23:51,191 - INFO - Total Tokens: 2534
2024-11-03 02:24:51,338 - INFO - HTTP Request: POST https://www.apigptopen.xyz/v1/chat/completions "HTTP/1.1 504 Gateway Time-out"
2024-11-03 02:24:51,338 - INFO - Retrying request to /chat/completions in 0.495809 seconds
2024-11-03 02:25:51,976 - INFO - HTTP Request: POST https://www.apigptopen.xyz/v1/chat/completions "HTTP/1.1 504 Gateway Time-out"
2024-11-03 02:25:51,977 - INFO - Retrying request to /chat/completions in 0.899476 seconds
2024-11-03 02:26:19,040 - INFO - HTTP Request: POST https://www.apigptopen.xyz/v1/chat/completions "HTTP/1.1 200 OK"
2024-11-03 02:26:19,041 - INFO - API Call #2
2024-11-03 02:26:19,041 - INFO - Prompt: 
## Task Description

You will generate a structured conversation that represents a sequence of function calls based on a given mathematical problem, its solution, and the corresponding Python code. The conversation should illustrate how the problem is solved step-by-step, including any necessary function calls.

### Input Format:

1. **[problem]:** A brief description of a mathematical problem.
2. **[solution]:** A detailed solution to the problem, including any intermediate steps.
3. **[python solution]:** The Python code used to calculate the solution, which may include custom functions.

### Output Format:

The output should be in JSON format, depicting a dialogue between a user and an assistant. The dialogue should include observations and feedback after each function call.
If the provided Python solution is missing any necessary functions, include those functions in the output. Each missing function should be presented in standard Python format, with a brief description of its purpose.
The functions to include are those for basic operations such as addition (Add), multiplication (multiply), exponentiation (power), modulus (mod), division (divide) and so on. Do not include them if they are not used.


### Example Input:

```
[problem]:  
If \( x = 2 \) and \( y = 5 \), then what is the value of \( rac{x^4 + 2y^2}{6} \)?

[solution]:  
We have  
\[ 
rac{x^4 + 2y^2}{6} = rac{2^4 + 2(5^2)}{6} = rac{16 + 50}{6} = rac{66}{6} = oxed{11}. 
\]

[python solution]:    
def calculate_power(base, exponent):
    # Function to calculate the power of a number.
    return base ** exponent

def divide_by(value, divisor):
    # Function to divide a value by a divisor.
    return value / divisor

# Example code execution
if __name__ == "__main__":
    x = 2
    y = 5
    expression_value = calculate_power(x, 4) + 2 * calculate_power(y, 2)
    answer = divide_by(expression_value, 6)
    print(answer)
```

### Example Output:

Dialogue Messages:

```json
[
    {
        "role": "user",
        "content": "If \( x = 2 \) and \( y = 5 \), then what is the value of \( rac{x^4 + 2y^2}{6} \)?"
    },
    {
        "role": "function",
        "content": {"name": "calculate_power", "arguments": {"base": 2, "exponent": 4}}
    },
    {
        "role": "observation",
        "content": {"power": 16}
    },
    {
        "role": "assistant",
        "content": "The power of x is 16."
    },
    {
        "role": "user",
        "content": "Now, with \( x^4 = 16 \), what is the next step for \( rac{x^4 + 2y^2}{6} \)?" 
    },
    {
        "role": "function",
        "content": {"name": "calculate_power", "arguments": {"base": 5, "exponent": 2}}
    },
    {
        "role": "observation",
        "content": {"Square": 25}
    },
    {
        "role": "assistant",
        "content": "The square of y is 25."
    },
    {
        "role": "user",
        "content": "Given \( y^2 = 25 \), what is \( 2y^2 \)?"
    },
    {
        "role": "function",
        "content": {"name": "multiply", "arguments": {"value1": 2, "value2": 25}}
    },
    {
        "role": "observation",
        "content": {"multiple": 50}
    },
    {
        "role": "assistant",
        "content": "The value of \( 2y^2 \) is 50."
    },
    {
        "role": "user",
        "content": "Now, what is the total of \( x^4 + 2y^2 \)?"
    },
    {
        "role": "function",
        "content": {"name": "Add", "arguments": {"value1": 16, "value2": 50}}
    },
    {
        "role": "observation",
        "content": {"add_result": 66}
    },
    {
        "role": "assistant",
        "content": "The sum \( x^4 + 2y^2 \) is 66."
    },
    {
        "role": "user",
        "content": "Finally, what is \( rac{66}{6} \)?"
    },
    {
        "role": "function",
        "content": {"name": "divide_by", "arguments": {"value": 66, "divisor": 6}}
    },
    {
        "role": "observation",
        "content": {"divide_result": 11}
    },
    {
        "role": "assistant",
        "content": "The final result is \( 11 \)."
    }
]
```

Missing Python Functions:

```python
def Add(value1, value2):
    """
    Add two values.

    Args:
        value1 (int or float): The first value.
        value2 (int or float): The second value.

    Returns:
        int or float: The sum of value1 and value2.
    """
    return value1 + value2

def multiply(value1, value2):
    """
    Multiply two values.

    Args:
        value1 (int or float): The first value.
        value2 (int or float): The second value.

    Returns:
        int or float: The product of value1 and value2.
    """
    return value1 * value2
```


### Input:

[problem]:
Compute $\sin 510^\circ$.

[solution]:
Rotating $360^\circ$ is the same as doing nothing, so rotating $510^\circ$ is the same as rotating $510^\circ - 360^\circ = 150^\circ$.  Therefore, we have $\sin 510^\circ = \sin (510^\circ - 360^\circ) = \sin 150^\circ$.

Let $P$ be the point on the unit circle that is $150^\circ$ counterclockwise from $(1,0)$, and let $D$ be the foot of the altitude from $P$ to the $x$-axis, as shown below.

[asy]
pair A,C,P,O,D;
draw((0,-1.2)--(0,1.2),p=black+1.2bp,Arrows(0.15cm));
draw((-1.2,0)--(1.2,0),p=black+1.2bp,Arrows(0.15cm));
A = (1,0);
O= (0,0);
label("$x$",(1.2,0),SE);
label("$y$",(0,1.2),NE);

P = rotate(150)*A;
D = foot(P,A,-A);
draw(O--P--D);
draw(rightanglemark(O,D,P,2));
draw(Circle(O,1));
label("$O$",O,SE);
label("$P$",P,NW);
//label("$A$",A,SE);
label("$D$",D,S);
[/asy]

Triangle $POD$ is a 30-60-90 triangle, so $DO = \frac{\sqrt{3}}{2}$ and $DP = \frac12$.  Therefore, the coordinates of $P$ are $\left(-\frac{\sqrt{3}}{2}, \frac12\right)$, so $\sin 510^\circ = \sin 150^\circ = \boxed{\frac{1}{2}}$.

[python solution]:

import math

def sine_of_angle(angle_degrees):
    """
    Calculate the sine of an angle given in degrees.

    Args:
        angle_degrees (float): The angle in degrees.

    Returns:
        float: The sine of the angle.
    """
    # Convert degrees to radians and calculate the sine
    angle_radians = math.radians(angle_degrees)
    return math.sin(angle_radians)

def normalize_angle(angle_degrees):
    """
    Normalize an angle in degrees to be within the range [0, 360).

    Args:
        angle_degrees (float): The angle in degrees to normalize.

    Returns:
        float: The normalized angle in the range [0, 360).
    """
    return angle_degrees % 360

# run the main function and print the result
if __name__ == "__main__":
    angle = 510
    
    # Normalize the angle to find the equivalent angle in the range [0, 360)
    normalized_angle = normalize_angle(angle)
    
    # Calculate the sine of the normalized angle
    result = sine_of_angle(normalized_angle)
    
    print(f"The result of sin({angle}°) is: {result}")


2024-11-03 02:26:19,041 - INFO - Completion: ```json
[
    {
        "role": "user",
        "content": "Compute \\( \\sin 510^\\circ \\)."
    },
    {
        "role": "function",
        "content": {"name": "normalize_angle", "arguments": {"angle_degrees": 510}}
    },
    {
        "role": "observation",
        "content": {"normalized_angle": 150}
    },
    {
        "role": "assistant",
        "content": "The normalized angle is 150° because rotating 510° is equivalent to rotating 150°."
    },
    {
        "role": "user",
        "content": "What is \\( \\sin 150^\\circ \\)?"
    },
    {
        "role": "function",
        "content": {"name": "sine_of_angle", "arguments": {"angle_degrees": 150}}
    },
    {
        "role": "observation",
        "content": {"sine_result": 0.5}
    },
    {
        "role": "assistant",
        "content": "The sine of 150° is 0.5."
    },
    {
        "role": "user",
        "content": "Thus, what is \\( \\sin 510^\\circ \\)?"
    },
    {
        "role": "assistant",
        "content": "Thus, \\( \\sin 510^\\circ = 0.5 \\) or  \\( \\boxed{\\frac{1}{2}} \\)."
    }
]
```

No missing Python functions need to be added, as all necessary operations are already included in the provided Python solution.
2024-11-03 02:26:19,041 - INFO - Prompt Tokens: 1993
2024-11-03 02:26:19,041 - INFO - Completion Tokens: 352
2024-11-03 02:26:19,041 - INFO - Total Tokens: 2345
2024-11-03 02:26:36,107 - INFO - HTTP Request: POST https://www.apigptopen.xyz/v1/chat/completions "HTTP/1.1 200 OK"
2024-11-03 02:26:36,108 - INFO - API Call #3
2024-11-03 02:26:36,108 - INFO - Prompt: 
## Task Description

You will generate a structured conversation that represents a sequence of function calls based on a given mathematical problem, its solution, and the corresponding Python code. The conversation should illustrate how the problem is solved step-by-step, including any necessary function calls.

### Input Format:

1. **[problem]:** A brief description of a mathematical problem.
2. **[solution]:** A detailed solution to the problem, including any intermediate steps.
3. **[python solution]:** The Python code used to calculate the solution, which may include custom functions.

### Output Format:

The output should be in JSON format, depicting a dialogue between a user and an assistant. The dialogue should include observations and feedback after each function call.
If the provided Python solution is missing any necessary functions, include those functions in the output. Each missing function should be presented in standard Python format, with a brief description of its purpose.
The functions to include are those for basic operations such as addition (Add), multiplication (multiply), exponentiation (power), modulus (mod), division (divide) and so on. Do not include them if they are not used.


### Example Input:

```
[problem]:  
If \( x = 2 \) and \( y = 5 \), then what is the value of \( rac{x^4 + 2y^2}{6} \)?

[solution]:  
We have  
\[ 
rac{x^4 + 2y^2}{6} = rac{2^4 + 2(5^2)}{6} = rac{16 + 50}{6} = rac{66}{6} = oxed{11}. 
\]

[python solution]:    
def calculate_power(base, exponent):
    # Function to calculate the power of a number.
    return base ** exponent

def divide_by(value, divisor):
    # Function to divide a value by a divisor.
    return value / divisor

# Example code execution
if __name__ == "__main__":
    x = 2
    y = 5
    expression_value = calculate_power(x, 4) + 2 * calculate_power(y, 2)
    answer = divide_by(expression_value, 6)
    print(answer)
```

### Example Output:

Dialogue Messages:

```json
[
    {
        "role": "user",
        "content": "If \( x = 2 \) and \( y = 5 \), then what is the value of \( rac{x^4 + 2y^2}{6} \)?"
    },
    {
        "role": "function",
        "content": {"name": "calculate_power", "arguments": {"base": 2, "exponent": 4}}
    },
    {
        "role": "observation",
        "content": {"power": 16}
    },
    {
        "role": "assistant",
        "content": "The power of x is 16."
    },
    {
        "role": "user",
        "content": "Now, with \( x^4 = 16 \), what is the next step for \( rac{x^4 + 2y^2}{6} \)?" 
    },
    {
        "role": "function",
        "content": {"name": "calculate_power", "arguments": {"base": 5, "exponent": 2}}
    },
    {
        "role": "observation",
        "content": {"Square": 25}
    },
    {
        "role": "assistant",
        "content": "The square of y is 25."
    },
    {
        "role": "user",
        "content": "Given \( y^2 = 25 \), what is \( 2y^2 \)?"
    },
    {
        "role": "function",
        "content": {"name": "multiply", "arguments": {"value1": 2, "value2": 25}}
    },
    {
        "role": "observation",
        "content": {"multiple": 50}
    },
    {
        "role": "assistant",
        "content": "The value of \( 2y^2 \) is 50."
    },
    {
        "role": "user",
        "content": "Now, what is the total of \( x^4 + 2y^2 \)?"
    },
    {
        "role": "function",
        "content": {"name": "Add", "arguments": {"value1": 16, "value2": 50}}
    },
    {
        "role": "observation",
        "content": {"add_result": 66}
    },
    {
        "role": "assistant",
        "content": "The sum \( x^4 + 2y^2 \) is 66."
    },
    {
        "role": "user",
        "content": "Finally, what is \( rac{66}{6} \)?"
    },
    {
        "role": "function",
        "content": {"name": "divide_by", "arguments": {"value": 66, "divisor": 6}}
    },
    {
        "role": "observation",
        "content": {"divide_result": 11}
    },
    {
        "role": "assistant",
        "content": "The final result is \( 11 \)."
    }
]
```

Missing Python Functions:

```python
def Add(value1, value2):
    """
    Add two values.

    Args:
        value1 (int or float): The first value.
        value2 (int or float): The second value.

    Returns:
        int or float: The sum of value1 and value2.
    """
    return value1 + value2

def multiply(value1, value2):
    """
    Multiply two values.

    Args:
        value1 (int or float): The first value.
        value2 (int or float): The second value.

    Returns:
        int or float: The product of value1 and value2.
    """
    return value1 * value2
```


### Input:

[problem]:
Regions I, II and III are bounded by squares. The perimeter of region I is 12 units and the perimeter of region II is 24 units. What is the ratio of the area of region I to the area of region III? Express your answer as a common fraction.

[asy]
draw((0,0)--(9,0)--(9,9)--(0,9)--(0,0)--cycle,linewidth(2));
draw((9,0)--(15,0)--(15,6)--(9,6)--(9,0)--cycle,linewidth(2));
draw((9,6)--(12,6)--(12,9)--(9,9)--cycle,linewidth(2));
label("III",(4.5,4.5));
label("II",(12,3));
label("I",(10.5,7.5));
[/asy]

[solution]:
A side of square I has length 3, while a side of square II has length 6 (all sides have equal length).  Therefore, a side of square III has length 9.  Since the side length of square I is $\frac{1}{3}$ that of square III, and the ratio of their areas is the square of the ratio of their side lengths, the ratio of the area of square I to square III is $\left(\frac{1}{3}\right)^2 = \frac{1}{9}$.   Alternately, you can just calculate the areas: square I has an area of 9, square III has an area of 81, thus, the ratio of their areas is $\boxed{\frac{1}{9}}$

[python solution]:

def calculate_side_length(perimeter):
    """
    Calculate the side length of a square given its perimeter.

    Args:
        perimeter (int or float): The perimeter of the square.

    Returns:
        float: The side length of the square.
    """
    return perimeter / 4


def calculate_area(side_length):
    """
    Calculate the area of a square given its side length.

    Args:
        side_length (int or float): The side length of the square.

    Returns:
        float: The area of the square.
    """
    return side_length ** 2


def calculate_ratio(area1, area2):
    """
    Calculate the ratio of two areas.

    Args:
        area1 (int or float): The area of the first square.
        area2 (int or float): The area of the second square.

    Returns:
        float: The ratio of area1 to area2.
    """
    return area1 / area2


# Main function to orchestrate the computation
if __name__ == "__main__":
    # Given perimeters
    perimeter_I = 12
    perimeter_II = 24
    
    # Calculate side lengths of squares I and II
    side_I = calculate_side_length(perimeter_I)
    side_II = calculate_side_length(perimeter_II)
    
    # Calculate the side length of square III based on the side of square II
    # Since area III is defined to be larger than II, we could assume side III is 9 (max for all sides)
    side_III = side_I + side_II  # side_III = 3 + 6 = 9

    # Calculate areas of square I and square III
    area_I = calculate_area(side_I)
    area_III = calculate_area(side_III)
    
    # Calculate the ratio of the area of square I to the area of square III
    ratio = calculate_ratio(area_I, area_III)

    print(f"The ratio of the area of square I to the area of square III is: {ratio} or in fraction form (1/9)")


2024-11-03 02:26:36,108 - INFO - Completion: ```json
[
    {
        "role": "user",
        "content": "Regions I, II and III are bounded by squares. The perimeter of region I is 12 units and the perimeter of region II is 24 units. What is the ratio of the area of region I to the area of region III?"
    },
    {
        "role": "function",
        "content": {"name": "calculate_side_length", "arguments": {"perimeter": 12}}
    },
    {
        "role": "observation",
        "content": {"side_length_I": 3.0}
    },
    {
        "role": "assistant",
        "content": "The side length of square I is 3 units."
    },
    {
        "role": "user",
        "content": "What is the side length of square II with a perimeter of 24 units?"
    },
    {
        "role": "function",
        "content": {"name": "calculate_side_length", "arguments": {"perimeter": 24}}
    },
    {
        "role": "observation",
        "content": {"side_length_II": 6.0}
    },
    {
        "role": "assistant",
        "content": "The side length of square II is 6 units."
    },
    {
        "role": "user",
        "content": "What is the side length of square III?"
    },
    {
        "role": "assistant",
        "content": "Since square III is formed by combining the side lengths of square I and square II, the side length of square III is 9 units."
    },
    {
        "role": "function",
        "content": {"name": "calculate_area", "arguments": {"side_length": 3.0}}
    },
    {
        "role": "observation",
        "content": {"area_I": 9.0}
    },
    {
        "role": "assistant",
        "content": "The area of square I is 9 square units."
    },
    {
        "role": "user",
        "content": "What is the area of square III?"
    },
    {
        "role": "function",
        "content": {"name": "calculate_area", "arguments": {"side_length": 9.0}}
    },
    {
        "role": "observation",
        "content": {"area_III": 81.0}
    },
    {
        "role": "assistant",
        "content": "The area of square III is 81 square units."
    },
    {
        "role": "user",
        "content": "What is the ratio of the area of region I to the area of region III?"
    },
    {
        "role": "function",
        "content": {"name": "calculate_ratio", "arguments": {"area1": 9.0, "area2": 81.0}}
    },
    {
        "role": "observation",
        "content": {"ratio": 0.1111111111111111}
    },
    {
        "role": "assistant",
        "content": "The ratio of the area of region I to the area of region III is \(\\frac{1}{9}\)."
    }
]
```

```python
def calculate_side_length(perimeter):
    """
    Calculate the side length of a square given its perimeter.

    Args:
        perimeter (int or float): The perimeter of the square.

    Returns:
        float: The side length of the square.
    """
    return perimeter / 4

def calculate_area(side_length):
    """
    Calculate the area of a square given its side length.

    Args:
        side_length (int or float): The side length of the square.

    Returns:
        float: The area of the square.
    """
    return side_length ** 2

def calculate_ratio(area1, area2):
    """
    Calculate the ratio of two areas.

    Args:
        area1 (int or float): The area of the first square.
        area2 (int or float): The area of the second square.

    Returns:
        float: The ratio of area1 to area2.
    """
    return area1 / area2
```
2024-11-03 02:26:36,108 - INFO - Prompt Tokens: 2105
2024-11-03 02:26:36,108 - INFO - Completion Tokens: 888
2024-11-03 02:26:36,108 - INFO - Total Tokens: 2993
2024-11-03 02:27:36,248 - INFO - HTTP Request: POST https://www.apigptopen.xyz/v1/chat/completions "HTTP/1.1 504 Gateway Time-out"
2024-11-03 02:27:36,248 - INFO - Retrying request to /chat/completions in 0.457898 seconds
2024-11-03 02:28:36,845 - INFO - HTTP Request: POST https://www.apigptopen.xyz/v1/chat/completions "HTTP/1.1 504 Gateway Time-out"
2024-11-03 02:28:36,846 - INFO - Retrying request to /chat/completions in 0.992101 seconds
2024-11-03 02:28:58,257 - INFO - HTTP Request: POST https://www.apigptopen.xyz/v1/chat/completions "HTTP/1.1 200 OK"
2024-11-03 02:28:58,258 - INFO - API Call #4
2024-11-03 02:28:58,258 - INFO - Prompt: 
## Task Description

You will generate a structured conversation that represents a sequence of function calls based on a given mathematical problem, its solution, and the corresponding Python code. The conversation should illustrate how the problem is solved step-by-step, including any necessary function calls.

### Input Format:

1. **[problem]:** A brief description of a mathematical problem.
2. **[solution]:** A detailed solution to the problem, including any intermediate steps.
3. **[python solution]:** The Python code used to calculate the solution, which may include custom functions.

### Output Format:

The output should be in JSON format, depicting a dialogue between a user and an assistant. The dialogue should include observations and feedback after each function call.
If the provided Python solution is missing any necessary functions, include those functions in the output. Each missing function should be presented in standard Python format, with a brief description of its purpose.
The functions to include are those for basic operations such as addition (Add), multiplication (multiply), exponentiation (power), modulus (mod), division (divide) and so on. Do not include them if they are not used.


### Example Input:

```
[problem]:  
If \( x = 2 \) and \( y = 5 \), then what is the value of \( rac{x^4 + 2y^2}{6} \)?

[solution]:  
We have  
\[ 
rac{x^4 + 2y^2}{6} = rac{2^4 + 2(5^2)}{6} = rac{16 + 50}{6} = rac{66}{6} = oxed{11}. 
\]

[python solution]:    
def calculate_power(base, exponent):
    # Function to calculate the power of a number.
    return base ** exponent

def divide_by(value, divisor):
    # Function to divide a value by a divisor.
    return value / divisor

# Example code execution
if __name__ == "__main__":
    x = 2
    y = 5
    expression_value = calculate_power(x, 4) + 2 * calculate_power(y, 2)
    answer = divide_by(expression_value, 6)
    print(answer)
```

### Example Output:

Dialogue Messages:

```json
[
    {
        "role": "user",
        "content": "If \( x = 2 \) and \( y = 5 \), then what is the value of \( rac{x^4 + 2y^2}{6} \)?"
    },
    {
        "role": "function",
        "content": {"name": "calculate_power", "arguments": {"base": 2, "exponent": 4}}
    },
    {
        "role": "observation",
        "content": {"power": 16}
    },
    {
        "role": "assistant",
        "content": "The power of x is 16."
    },
    {
        "role": "user",
        "content": "Now, with \( x^4 = 16 \), what is the next step for \( rac{x^4 + 2y^2}{6} \)?" 
    },
    {
        "role": "function",
        "content": {"name": "calculate_power", "arguments": {"base": 5, "exponent": 2}}
    },
    {
        "role": "observation",
        "content": {"Square": 25}
    },
    {
        "role": "assistant",
        "content": "The square of y is 25."
    },
    {
        "role": "user",
        "content": "Given \( y^2 = 25 \), what is \( 2y^2 \)?"
    },
    {
        "role": "function",
        "content": {"name": "multiply", "arguments": {"value1": 2, "value2": 25}}
    },
    {
        "role": "observation",
        "content": {"multiple": 50}
    },
    {
        "role": "assistant",
        "content": "The value of \( 2y^2 \) is 50."
    },
    {
        "role": "user",
        "content": "Now, what is the total of \( x^4 + 2y^2 \)?"
    },
    {
        "role": "function",
        "content": {"name": "Add", "arguments": {"value1": 16, "value2": 50}}
    },
    {
        "role": "observation",
        "content": {"add_result": 66}
    },
    {
        "role": "assistant",
        "content": "The sum \( x^4 + 2y^2 \) is 66."
    },
    {
        "role": "user",
        "content": "Finally, what is \( rac{66}{6} \)?"
    },
    {
        "role": "function",
        "content": {"name": "divide_by", "arguments": {"value": 66, "divisor": 6}}
    },
    {
        "role": "observation",
        "content": {"divide_result": 11}
    },
    {
        "role": "assistant",
        "content": "The final result is \( 11 \)."
    }
]
```

Missing Python Functions:

```python
def Add(value1, value2):
    """
    Add two values.

    Args:
        value1 (int or float): The first value.
        value2 (int or float): The second value.

    Returns:
        int or float: The sum of value1 and value2.
    """
    return value1 + value2

def multiply(value1, value2):
    """
    Multiply two values.

    Args:
        value1 (int or float): The first value.
        value2 (int or float): The second value.

    Returns:
        int or float: The product of value1 and value2.
    """
    return value1 * value2
```


### Input:

[problem]:
Circle $A$ is in the interior of circle $B$. The diameter of circle $B$ is 16 cm. What is the diameter of circle $A$ for which the ratio of the shaded area to the area of circle $A$ is 3:1?

[asy]size(101);
import graph;
pair B = (0,0);
pair A = (1,-3);
filldraw(Circle(B,10)^^Circle(A,5),gray(.6)+fillrule(1),linewidth(1.5));
dot("$B$",B,ENE,linewidth(5)); dot("$A$",A,SW,linewidth(5));[/asy]

[solution]:
Since the ratio of the area of $A$ to the shaded area inside $B$ is $1:3$, the ratio of the area of $A$ to the entire area of $B$ is $1:(3+1) = 1:4$.  Since the area of $B$ is 4 times the area of $A$, the radius of $B$ is twice the radius of $A$, which means the diameter of $A$ is half the diameter of $B$, or $\boxed{8\text{ cm}}$.

[python solution]:

import math

def calculate_area(radius):
    """
    Calculate the area of a circle given its radius.

    Args:
        radius (float): The radius of the circle.

    Returns:
        float: The area of the circle.
    """
    return math.pi * (radius ** 2)

def calculate_diameter(radius):
    """
    Calculate the diameter of a circle given its radius.

    Args:
        radius (float): The radius of the circle.

    Returns:
        float: The diameter of the circle.
    """
    return 2 * radius

def find_circle_a_diameter(diameter_B):
    """
    Find the diameter of circle A for which the area ratio of circle A to the shaded area of circle B is 1:3.
    
    Args:
        diameter_B (float): The diameter of circle B.

    Returns:
        float: The diameter of circle A.
    """
    radius_B = diameter_B / 2
    radius_A = radius_B / 2  # Since area of B is 4 times that of A
    return calculate_diameter(radius_A)

# Run the main function and print the result
if __name__ == "__main__":
    diameter_B = 16.0  # Diameter of circle B in cm
    
    # Calculate the diameter of circle A
    diameter_A = find_circle_a_diameter(diameter_B)
    
    print(f"The diameter of circle A is: {diameter_A} cm")


2024-11-03 02:28:58,258 - INFO - Completion: ```json
[
    {
        "role": "user",
        "content": "Circle $A$ is in the interior of circle $B$. The diameter of circle $B$ is 16 cm. What is the diameter of circle $A$ for which the ratio of the shaded area to the area of circle $A$ is 3:1?"
    },
    {
        "role": "function",
        "content": {"name": "find_circle_a_diameter", "arguments": {"diameter_B": 16.0}}
    },
    {
        "role": "function",
        "content": {"name": "calculate_diameter", "arguments": {"radius": 4.0}}
    },
    {
        "role": "observation",
        "content": {"diameter_A": 8.0}
    },
    {
        "role": "assistant",
        "content": "The diameter of circle A is 8 cm."
    }
]
```

Missing Python Functions:

```python
def calculate_area(radius):
    """
    Calculate the area of a circle given its radius.

    Args:
        radius (float): The radius of the circle.

    Returns:
        float: The area of the circle.
    """
    return math.pi * (radius ** 2)

def calculate_diameter(radius):
    """
    Calculate the diameter of a circle given its radius.

    Args:
        radius (float): The radius of the circle.

    Returns:
        float: The diameter of the circle.
    """
    return 2 * radius
```
2024-11-03 02:28:58,258 - INFO - Prompt Tokens: 1881
2024-11-03 02:28:58,258 - INFO - Completion Tokens: 322
2024-11-03 02:28:58,258 - INFO - Total Tokens: 2203
